stm32l0xx_hal_pwr.c:96:6:HAL_PWR_DeInit	8	static
stm32l0xx_hal_pwr.c:343:6:HAL_PWR_EnableBkUpAccess	8	static
stm32l0xx_hal_pwr.c:356:6:HAL_PWR_DisableBkUpAccess	8	static
stm32l0xx_hal_pwr.c:372:6:HAL_PWR_ConfigPVD	16	static
stm32l0xx_hal_pwr.c:415:6:HAL_PWR_EnablePVD	8	static
stm32l0xx_hal_pwr.c:425:6:HAL_PWR_DisablePVD	8	static
stm32l0xx_hal_pwr.c:441:6:HAL_PWR_EnableWakeUpPin	16	static
stm32l0xx_hal_pwr.c:458:6:HAL_PWR_DisableWakeUpPin	16	static
stm32l0xx_hal_pwr.c:481:6:HAL_PWR_EnterSLEEPMode	24	static
stm32l0xx_hal_pwr.c:542:6:HAL_PWR_EnterSTOPMode	24	static
stm32l0xx_hal_pwr.c:597:6:HAL_PWR_EnterSTANDBYMode	8	static
stm32l0xx_hal_pwr.c:621:6:HAL_PWR_EnableSleepOnExit	8	static
stm32l0xx_hal_pwr.c:634:6:HAL_PWR_DisableSleepOnExit	8	static
stm32l0xx_hal_pwr.c:647:6:HAL_PWR_EnableSEVOnPend	8	static
stm32l0xx_hal_pwr.c:660:6:HAL_PWR_DisableSEVOnPend	8	static
stm32l0xx_hal_pwr.c:672:6:HAL_PWR_PVD_IRQHandler	8	static
stm32l0xx_hal_pwr.c:689:13:HAL_PWR_PVDCallback	8	static
