stm32l0xx_ll_rcc.h:725:22:LL_RCC_HSE_EnableBypass	8	static
stm32l0xx_ll_rcc.h:735:22:LL_RCC_HSE_DisableBypass	8	static
stm32l0xx_ll_rcc.h:745:22:LL_RCC_HSE_Enable	8	static
stm32l0xx_ll_rcc.h:765:26:LL_RCC_HSE_IsReady	8	static
stm32l0xx_ll_rcc.h:812:22:LL_RCC_HSI_Enable	8	static
stm32l0xx_ll_rcc.h:832:26:LL_RCC_HSI_IsReady	8	static
stm32l0xx_ll_rcc.h:1305:22:LL_RCC_SetSysClkSource	16	static
stm32l0xx_ll_rcc.h:1319:26:LL_RCC_GetSysClkSource	8	static
stm32l0xx_ll_rcc.h:1339:22:LL_RCC_SetAHBPrescaler	16	static
stm32l0xx_ll_rcc.h:1355:22:LL_RCC_SetAPB1Prescaler	16	static
stm32l0xx_ll_rcc.h:1371:22:LL_RCC_SetAPB2Prescaler	16	static
stm32l0xx_ll_rcc.h:1814:22:LL_RCC_PLL_Enable	8	static
stm32l0xx_ll_rcc.h:1835:26:LL_RCC_PLL_IsReady	8	static
stm32l0xx_ll_rcc.h:1864:22:LL_RCC_PLL_ConfigDomain_SYS	24	static
stm32l0xx_ll_utils.h:236:22:LL_InitTick	24	static
stm32l0xx_ll_system.h:931:22:LL_FLASH_SetLatency	16	static
stm32l0xx_ll_system.h:943:26:LL_FLASH_GetLatency	8	static
stm32l0xx_ll_pwr.h:301:26:LL_PWR_GetRegulVoltageScaling	8	static
stm32l0xx_ll_utils.c:164:6:LL_Init1msTick	16	static
stm32l0xx_ll_utils.c:180:6:LL_mDelay	24	static
stm32l0xx_ll_utils.c:242:6:LL_SetSystemCoreClock	16	static
stm32l0xx_ll_utils.c:266:13:LL_PLL_ConfigSystemClock_HSI	32	static
stm32l0xx_ll_utils.c:325:13:LL_PLL_ConfigSystemClock_HSE	40	static
stm32l0xx_ll_utils.c:396:20:UTILS_SetFlashLatency	24	static
stm32l0xx_ll_utils.c:456:17:UTILS_GetPLLOutputFrequency	24	static
stm32l0xx_ll_utils.c:486:20:UTILS_PLL_IsBusy	16	static
stm32l0xx_ll_utils.c:510:20:UTILS_EnablePLLAndSwitchSystem	32	static
