stm32l0xx_hal_usart.c:201:19:HAL_USART_Init	16	static
stm32l0xx_hal_usart.c:250:19:HAL_USART_DeInit	16	static
stm32l0xx_hal_usart.c:284:13:HAL_USART_MspInit	16	static
stm32l0xx_hal_usart.c:299:13:HAL_USART_MspDeInit	16	static
stm32l0xx_hal_usart.c:400:19:HAL_USART_Transmit	40	static
stm32l0xx_hal_usart.c:487:19:HAL_USART_Receive	48	static
stm32l0xx_hal_usart.c:587:19:HAL_USART_TransmitReceive	48	static
stm32l0xx_hal_usart.c:694:19:HAL_USART_Transmit_IT	24	static
stm32l0xx_hal_usart.c:756:19:HAL_USART_Receive_IT	24	static
stm32l0xx_hal_usart.c:827:19:HAL_USART_TransmitReceive_IT	24	static
stm32l0xx_hal_usart.c:895:19:HAL_USART_Transmit_DMA	32	static
stm32l0xx_hal_usart.c:972:19:HAL_USART_Receive_DMA	32	static
stm32l0xx_hal_usart.c:1067:19:HAL_USART_TransmitReceive_DMA	32	static
stm32l0xx_hal_usart.c:1162:19:HAL_USART_DMAPause	16	static
stm32l0xx_hal_usart.c:1203:19:HAL_USART_DMAResume	16	static
stm32l0xx_hal_usart.c:1241:19:HAL_USART_DMAStop	16	static
stm32l0xx_hal_usart.c:1283:19:HAL_USART_Abort	16	static
stm32l0xx_hal_usart.c:1351:19:HAL_USART_Abort_IT	24	static
stm32l0xx_hal_usart.c:1466:6:HAL_USART_IRQHandler	32	static
stm32l0xx_hal_usart.c:1640:13:HAL_USART_TxCpltCallback	16	static
stm32l0xx_hal_usart.c:1655:13:HAL_USART_TxHalfCpltCallback	16	static
stm32l0xx_hal_usart.c:1670:13:HAL_USART_RxCpltCallback	16	static
stm32l0xx_hal_usart.c:1685:13:HAL_USART_RxHalfCpltCallback	16	static
stm32l0xx_hal_usart.c:1700:13:HAL_USART_TxRxCpltCallback	16	static
stm32l0xx_hal_usart.c:1715:13:HAL_USART_ErrorCallback	16	static
stm32l0xx_hal_usart.c:1730:13:HAL_USART_AbortCpltCallback	16	static
stm32l0xx_hal_usart.c:1767:24:HAL_USART_GetState	16	static
stm32l0xx_hal_usart.c:1778:10:HAL_USART_GetError	16	static
stm32l0xx_hal_usart.c:1800:13:USART_EndTransfer	16	static
stm32l0xx_hal_usart.c:1816:13:USART_DMATransmitCplt	24	static
stm32l0xx_hal_usart.c:1850:13:USART_DMATxHalfCplt	24	static
stm32l0xx_hal_usart.c:1862:13:USART_DMAReceiveCplt	24	static
stm32l0xx_hal_usart.c:1914:13:USART_DMARxHalfCplt	24	static
stm32l0xx_hal_usart.c:1926:13:USART_DMAError	24	static
stm32l0xx_hal_usart.c:1946:13:USART_DMAAbortOnError	24	static
stm32l0xx_hal_usart.c:1963:13:USART_DMATxAbortCallback	24	static
stm32l0xx_hal_usart.c:2004:13:USART_DMARxAbortCallback	24	static
stm32l0xx_hal_usart.c:2046:26:USART_WaitOnFlagUntilTimeout	24	static
stm32l0xx_hal_usart.c:2077:26:USART_SetConfig	32	static
stm32l0xx_hal_usart.c:2159:26:USART_CheckIdleState	32	static
stm32l0xx_hal_usart.c:2207:26:USART_Transmit_IT	24	static
stm32l0xx_hal_usart.c:2255:26:USART_EndTransmit_IT	16	static
stm32l0xx_hal_usart.c:2279:26:USART_Receive_IT	24	static
stm32l0xx_hal_usart.c:2331:26:USART_TransmitReceive_IT	24	static
