stm32l0xx_hal_dac.c:235:19:HAL_DAC_Init	16	static
stm32l0xx_hal_dac.c:273:19:HAL_DAC_DeInit	16	static
stm32l0xx_hal_dac.c:309:13:HAL_DAC_MspInit	16	static
stm32l0xx_hal_dac.c:325:13:HAL_DAC_MspDeInit	16	static
stm32l0xx_hal_dac.c:368:26:HAL_DAC_Start	16	static
stm32l0xx_hal_dac.c:391:19:HAL_DAC_Stop	16	static
stm32l0xx_hal_dac.c:423:26:HAL_DAC_Start_DMA	24	static
stm32l0xx_hal_dac.c:449:26:HAL_DAC_Stop_DMA	16	static
stm32l0xx_hal_dac.c:472:17:HAL_DAC_GetValue	16	static
stm32l0xx_hal_dac.c:491:13:HAL_DAC_IRQHandler	16	static
stm32l0xx_hal_dac.c:507:13:HAL_DAC_ConvCpltCallbackCh1	16	static
stm32l0xx_hal_dac.c:523:13:HAL_DAC_ConvHalfCpltCallbackCh1	16	static
stm32l0xx_hal_dac.c:539:13:HAL_DAC_ErrorCallbackCh1	16	static
stm32l0xx_hal_dac.c:555:13:HAL_DAC_DMAUnderrunCallbackCh1	16	static
stm32l0xx_hal_dac.c:595:19:HAL_DAC_ConfigChannel	32	static
stm32l0xx_hal_dac.c:660:22:HAL_DAC_GetState	16	static
stm32l0xx_hal_dac.c:673:10:HAL_DAC_GetError	16	static
stm32l0xx_hal_dac.c:694:26:HAL_DAC_SetValue	24	static
