Archive member included to satisfy reference by file (symbol)

/opt/Atollic_TrueSTUDIO_for_STM32_x86_64_9.1.0/ARMTools/bin/../lib/gcc/arm-atollic-eabi/6.3.1/../../../../arm-atollic-eabi/lib/armv6-m/libc_nano.a(lib_a-init.o)
                              src/startup_stm32l073xx.o (__libc_init_array)
/opt/Atollic_TrueSTUDIO_for_STM32_x86_64_9.1.0/ARMTools/bin/../lib/gcc/arm-atollic-eabi/6.3.1/../../../../arm-atollic-eabi/lib/armv6-m/libc_nano.a(lib_a-memset.o)
                              Drivers/STM32L0xx_HAL_Driver/Src/stm32l0xx_hal_rcc.o (memset)
/opt/Atollic_TrueSTUDIO_for_STM32_x86_64_9.1.0/ARMTools/bin/../lib/gcc/arm-atollic-eabi/6.3.1/../../../../arm-atollic-eabi/lib/armv6-m/libc_nano.a(lib_a-strlen.o)
                              src/tiny_printf.o (strlen)
/opt/Atollic_TrueSTUDIO_for_STM32_x86_64_9.1.0/ARMTools/bin/../lib/gcc/arm-atollic-eabi/6.3.1/armv6-m/libgcc.a(_udivsi3.o)
                              Drivers/STM32L0xx_HAL_Driver/Src/stm32l0xx_hal.o (__aeabi_uidiv)
/opt/Atollic_TrueSTUDIO_for_STM32_x86_64_9.1.0/ARMTools/bin/../lib/gcc/arm-atollic-eabi/6.3.1/armv6-m/libgcc.a(_divsi3.o)
                              src/tiny_printf.o (__aeabi_idiv)
/opt/Atollic_TrueSTUDIO_for_STM32_x86_64_9.1.0/ARMTools/bin/../lib/gcc/arm-atollic-eabi/6.3.1/armv6-m/libgcc.a(_dvmd_tls.o)
                              /opt/Atollic_TrueSTUDIO_for_STM32_x86_64_9.1.0/ARMTools/bin/../lib/gcc/arm-atollic-eabi/6.3.1/armv6-m/libgcc.a(_udivsi3.o) (__aeabi_idiv0)
/opt/Atollic_TrueSTUDIO_for_STM32_x86_64_9.1.0/ARMTools/bin/../lib/gcc/arm-atollic-eabi/6.3.1/armv6-m/libgcc.a(_aeabi_uldivmod.o)
                              Drivers/STM32L0xx_HAL_Driver/Src/stm32l0xx_hal_uart.o (__aeabi_uldivmod)
/opt/Atollic_TrueSTUDIO_for_STM32_x86_64_9.1.0/ARMTools/bin/../lib/gcc/arm-atollic-eabi/6.3.1/armv6-m/libgcc.a(_udivmoddi4.o)
                              /opt/Atollic_TrueSTUDIO_for_STM32_x86_64_9.1.0/ARMTools/bin/../lib/gcc/arm-atollic-eabi/6.3.1/armv6-m/libgcc.a(_aeabi_uldivmod.o) (__udivmoddi4)
/opt/Atollic_TrueSTUDIO_for_STM32_x86_64_9.1.0/ARMTools/bin/../lib/gcc/arm-atollic-eabi/6.3.1/armv6-m/libgcc.a(_clzdi2.o)
                              /opt/Atollic_TrueSTUDIO_for_STM32_x86_64_9.1.0/ARMTools/bin/../lib/gcc/arm-atollic-eabi/6.3.1/armv6-m/libgcc.a(_udivmoddi4.o) (__clzdi2)
/opt/Atollic_TrueSTUDIO_for_STM32_x86_64_9.1.0/ARMTools/bin/../lib/gcc/arm-atollic-eabi/6.3.1/armv6-m/libgcc.a(_clzsi2.o)
                              /opt/Atollic_TrueSTUDIO_for_STM32_x86_64_9.1.0/ARMTools/bin/../lib/gcc/arm-atollic-eabi/6.3.1/armv6-m/libgcc.a(_clzdi2.o) (__clzsi2)

Allocating common symbols
Common symbol       size              file

huart               0x70              src/main.o
uwTick              0x4               Drivers/STM32L0xx_HAL_Driver/Src/stm32l0xx_hal.o
hdac                0x14              src/main.o

Discarded input sections

 .text          0x0000000000000000        0x0 /opt/Atollic_TrueSTUDIO_for_STM32_x86_64_9.1.0/ARMTools/bin/../lib/gcc/arm-atollic-eabi/6.3.1/armv6-m/crti.o
 .data          0x0000000000000000        0x0 /opt/Atollic_TrueSTUDIO_for_STM32_x86_64_9.1.0/ARMTools/bin/../lib/gcc/arm-atollic-eabi/6.3.1/armv6-m/crti.o
 .bss           0x0000000000000000        0x0 /opt/Atollic_TrueSTUDIO_for_STM32_x86_64_9.1.0/ARMTools/bin/../lib/gcc/arm-atollic-eabi/6.3.1/armv6-m/crti.o
 .data          0x0000000000000000        0x4 /opt/Atollic_TrueSTUDIO_for_STM32_x86_64_9.1.0/ARMTools/bin/../lib/gcc/arm-atollic-eabi/6.3.1/armv6-m/crtbegin.o
 .text          0x0000000000000000        0x0 Drivers/BSP/Components/mfxstm32l152/mfxstm32l152.o
 .data          0x0000000000000000        0x0 Drivers/BSP/Components/mfxstm32l152/mfxstm32l152.o
 .bss           0x0000000000000000        0x0 Drivers/BSP/Components/mfxstm32l152/mfxstm32l152.o
 .data.mfxstm32l152_ts_drv
                0x0000000000000000       0x28 Drivers/BSP/Components/mfxstm32l152/mfxstm32l152.o
 .data.mfxstm32l152_io_drv
                0x0000000000000000       0x2c Drivers/BSP/Components/mfxstm32l152/mfxstm32l152.o
 .data.mfxstm32l152_idd_drv
                0x0000000000000000       0x4c Drivers/BSP/Components/mfxstm32l152/mfxstm32l152.o
 .bss.mfxstm32l152
                0x0000000000000000        0x3 Drivers/BSP/Components/mfxstm32l152/mfxstm32l152.o
 .text.mfxstm32l152_Init
                0x0000000000000000       0x78 Drivers/BSP/Components/mfxstm32l152/mfxstm32l152.o
 .text.mfxstm32l152_DeInit
                0x0000000000000000       0x34 Drivers/BSP/Components/mfxstm32l152/mfxstm32l152.o
 .text.mfxstm32l152_Reset
                0x0000000000000000       0x28 Drivers/BSP/Components/mfxstm32l152/mfxstm32l152.o
 .text.mfxstm32l152_LowPower
                0x0000000000000000       0x26 Drivers/BSP/Components/mfxstm32l152/mfxstm32l152.o
 .text.mfxstm32l152_WakeUp
                0x0000000000000000       0x38 Drivers/BSP/Components/mfxstm32l152/mfxstm32l152.o
 .text.mfxstm32l152_ReadID
[...]
Memory Configuration

Name             Origin             Length             Attributes
FLASH            0x0000000008000000 0x0000000000030000 xr
RAM              0x0000000020000000 0x0000000000005000 xrw
MEMORY_B1        0x0000000060000000 0x0000000000000000 xr
*default*        0x0000000000000000 0xffffffffffffffff

Linker script and memory map

LOAD /opt/Atollic_TrueSTUDIO_for_STM32_x86_64_9.1.0/ARMTools/bin/../lib/gcc/arm-atollic-eabi/6.3.1/armv6-m/crti.o
LOAD /opt/Atollic_TrueSTUDIO_for_STM32_x86_64_9.1.0/ARMTools/bin/../lib/gcc/arm-atollic-eabi/6.3.1/armv6-m/crtbegin.o
LOAD Drivers/BSP/Components/mfxstm32l152/mfxstm32l152.o
LOAD Drivers/BSP/STM32L073Z_EVAL/stm32l073z_eval.o
LOAD Drivers/BSP/STM32L073Z_EVAL/stm32l073z_eval_io.o
LOAD Drivers/STM32L0xx_HAL_Driver/Src/stm32l0xx_hal.o
LOAD Drivers/STM32L0xx_HAL_Driver/Src/stm32l0xx_hal_cortex.o
LOAD Drivers/STM32L0xx_HAL_Driver/Src/stm32l0xx_hal_dac.o
LOAD Drivers/STM32L0xx_HAL_Driver/Src/stm32l0xx_hal_dac_ex.o
LOAD Drivers/STM32L0xx_HAL_Driver/Src/stm32l0xx_hal_dma.o
LOAD Drivers/STM32L0xx_HAL_Driver/Src/stm32l0xx_hal_gpio.o
LOAD Drivers/STM32L0xx_HAL_Driver/Src/stm32l0xx_hal_rcc.o
LOAD Drivers/STM32L0xx_HAL_Driver/Src/stm32l0xx_hal_rcc_ex.o
LOAD Drivers/STM32L0xx_HAL_Driver/Src/stm32l0xx_hal_tim.o
LOAD Drivers/STM32L0xx_HAL_Driver/Src/stm32l0xx_hal_tim_ex.o
LOAD Drivers/STM32L0xx_HAL_Driver/Src/stm32l0xx_hal_uart.o
LOAD Drivers/STM32L0xx_HAL_Driver/Src/stm32l0xx_hal_uart_ex.o
LOAD Drivers/STM32L0xx_HAL_Driver/Src/stm32l0xx_hal_usart.o
LOAD src/main.o
LOAD src/startup_stm32l073xx.o
LOAD src/stm32l0xx_it.o
LOAD src/system_stm32l0xx.o
LOAD src/tiny_printf.o
                0x0000000000000080                malloc_getpagesize_P = 0x80
START GROUP
LOAD /opt/Atollic_TrueSTUDIO_for_STM32_x86_64_9.1.0/ARMTools/bin/../lib/gcc/arm-atollic-eabi/6.3.1/../../../../arm-atollic-eabi/lib/armv6-m/libc_nano.a
LOAD /opt/Atollic_TrueSTUDIO_for_STM32_x86_64_9.1.0/ARMTools/bin/../lib/gcc/arm-atollic-eabi/6.3.1/../../../../arm-atollic-eabi/lib/armv6-m/libm.a
END GROUP
START GROUP
LOAD /opt/Atollic_TrueSTUDIO_for_STM32_x86_64_9.1.0/ARMTools/bin/../lib/gcc/arm-atollic-eabi/6.3.1/armv6-m/libgcc.a
LOAD /opt/Atollic_TrueSTUDIO_for_STM32_x86_64_9.1.0/ARMTools/bin/../lib/gcc/arm-atollic-eabi/6.3.1/../../../../arm-atollic-eabi/lib/armv6-m/libc_nano.a
END GROUP
START GROUP
LOAD /opt/Atollic_TrueSTUDIO_for_STM32_x86_64_9.1.0/ARMTools/bin/../lib/gcc/arm-atollic-eabi/6.3.1/armv6-m/libgcc.a
LOAD /opt/Atollic_TrueSTUDIO_for_STM32_x86_64_9.1.0/ARMTools/bin/../lib/gcc/arm-atollic-eabi/6.3.1/../../../../arm-atollic-eabi/lib/armv6-m/libc_nano.a
LOAD /opt/Atollic_TrueSTUDIO_for_STM32_x86_64_9.1.0/ARMTools/bin/../lib/gcc/arm-atollic-eabi/6.3.1/../../../../arm-atollic-eabi/lib/armv6-m/libnosys.a
END GROUP
START GROUP
LOAD /opt/Atollic_TrueSTUDIO_for_STM32_x86_64_9.1.0/ARMTools/bin/../lib/gcc/arm-atollic-eabi/6.3.1/armv6-m/libgcc.a
LOAD /opt/Atollic_TrueSTUDIO_for_STM32_x86_64_9.1.0/ARMTools/bin/../lib/gcc/arm-atollic-eabi/6.3.1/../../../../arm-atollic-eabi/lib/armv6-m/libc_nano.a
LOAD /opt/Atollic_TrueSTUDIO_for_STM32_x86_64_9.1.0/ARMTools/bin/../lib/gcc/arm-atollic-eabi/6.3.1/../../../../arm-atollic-eabi/lib/armv6-m/libnosys.a
END GROUP
LOAD /opt/Atollic_TrueSTUDIO_for_STM32_x86_64_9.1.0/ARMTools/bin/../lib/gcc/arm-atollic-eabi/6.3.1/armv6-m/crtend.o
LOAD /opt/Atollic_TrueSTUDIO_for_STM32_x86_64_9.1.0/ARMTools/bin/../lib/gcc/arm-atollic-eabi/6.3.1/armv6-m/crtn.o
                0x0000000020005000                _estack = 0x20005000
                0x0000000000000000                _Min_Heap_Size = 0x0
                0x0000000000000100                _Min_Stack_Size = 0x100

.isr_vector     0x0000000008000000       0xc0
                0x0000000008000000                . = ALIGN (0x4)
 *(.isr_vector)
 .isr_vector    0x0000000008000000       0xc0 src/startup_stm32l073xx.o
                0x0000000008000000                g_pfnVectors
                0x00000000080000c0                . = ALIGN (0x4)

.text           0x00000000080000c0     0x34a0
                0x00000000080000c0                . = ALIGN (0x4)
 *(.text)
 .text          0x00000000080000c0       0x48 /opt/Atollic_TrueSTUDIO_for_STM32_x86_64_9.1.0/ARMTools/bin/../lib/gcc/arm-atollic-eabi/6.3.1/armv6-m/crtbegin.o
 .text          0x0000000008000108        0xe /opt/Atollic_TrueSTUDIO_for_STM32_x86_64_9.1.0/ARMTools/bin/../lib/gcc/arm-atollic-eabi/6.3.1/../../../../arm-atollic-eabi/lib/armv6-m/libc_nano.a(lib_a-strlen.o)
                0x0000000008000108                strlen
 *fill*         0x0000000008000116        0x2 
 .text          0x0000000008000118      0x114 /opt/Atollic_TrueSTUDIO_for_STM32_x86_64_9.1.0/ARMTools/bin/../lib/gcc/arm-atollic-eabi/6.3.1/armv6-m/libgcc.a(_udivsi3.o)
                0x0000000008000118                __udivsi3
                0x0000000008000118                __aeabi_uidiv
                0x0000000008000224                __aeabi_uidivmod
 .text          0x000000000800022c      0x1d4 /opt/Atollic_TrueSTUDIO_for_STM32_x86_64_9.1.0/ARMTools/bin/../lib/gcc/arm-atollic-eabi/6.3.1/armv6-m/libgcc.a(_divsi3.o)
                0x000000000800022c                __aeabi_idiv
                0x000000000800022c                __divsi3
                0x00000000080003f8                __aeabi_idivmod
 .text          0x0000000008000400        0x4 /opt/Atollic_TrueSTUDIO_for_STM32_x86_64_9.1.0/ARMTools/bin/../lib/gcc/arm-atollic-eabi/6.3.1/armv6-m/libgcc.a(_dvmd_tls.o)
                0x0000000008000400                __aeabi_ldiv0
                0x0000000008000400                __aeabi_idiv0
 .text          0x0000000008000404       0x40 /opt/Atollic_TrueSTUDIO_for_STM32_x86_64_9.1.0/ARMTools/bin/../lib/gcc/arm-atollic-eabi/6.3.1/armv6-m/libgcc.a(_aeabi_uldivmod.o)
                0x0000000008000404                __aeabi_uldivmod
 .text          0x0000000008000444      0x180 /opt/Atollic_TrueSTUDIO_for_STM32_x86_64_9.1.0/ARMTools/bin/../lib/gcc/arm-atollic-eabi/6.3.1/armv6-m/libgcc.a(_udivmoddi4.o)
                0x0000000008000444                __udivmoddi4
 .text          0x00000000080005c4       0x18 /opt/Atollic_TrueSTUDIO_for_STM32_x86_64_9.1.0/ARMTools/bin/../lib/gcc/arm-atollic-eabi/6.3.1/armv6-m/libgcc.a(_clzdi2.o)
                0x00000000080005c4                __clzdi2
 .text          0x00000000080005dc       0x3c /opt/Atollic_TrueSTUDIO_for_STM32_x86_64_9.1.0/ARMTools/bin/../lib/gcc/arm-atollic-eabi/6.3.1/armv6-m/libgcc.a(_clzsi2.o)
                0x00000000080005dc                __clzsi2
 *(.text*)
 .text.HAL_Init
                0x0000000008000618       0x28 Drivers/STM32L0xx_HAL_Driver/Src/stm32l0xx_hal.o
                0x0000000008000618                HAL_Init
 .text.HAL_MspInit
                0x0000000008000640        0xa Drivers/STM32L0xx_HAL_Driver/Src/stm32l0xx_hal.o
                0x0000000008000640                HAL_MspInit
 *fill*         0x000000000800064a        0x2 
 .text.HAL_InitTick
                0x000000000800064c       0x3c Drivers/STM32L0xx_HAL_Driver/Src/stm32l0xx_hal.o
                0x000000000800064c                HAL_InitTick
 .text.HAL_IncTick
                0x0000000008000688       0x18 Drivers/STM32L0xx_HAL_Driver/Src/stm32l0xx_hal.o
                0x0000000008000688                HAL_IncTick
 .text.HAL_GetTick
                0x00000000080006a0       0x14 Drivers/STM32L0xx_HAL_Driver/Src/stm32l0xx_hal.o
                0x00000000080006a0                HAL_GetTick
 .text.HAL_Delay
                0x00000000080006b4       0x2e Drivers/STM32L0xx_HAL_Driver/Src/stm32l0xx_hal.o
                0x00000000080006b4                HAL_Delay
 *fill*         0x00000000080006e2        0x2 
 .text.__NVIC_SetPriority
                0x00000000080006e4       0xdc Drivers/STM32L0xx_HAL_Driver/Src/stm32l0xx_hal_cortex.o
 .text.SysTick_Config
                0x00000000080007c0       0x48 Drivers/STM32L0xx_HAL_Driver/Src/stm32l0xx_hal_cortex.o
 .text.HAL_NVIC_SetPriority
                0x0000000008000808       0x2c Drivers/STM32L0xx_HAL_Driver/Src/stm32l0xx_hal_cortex.o
                0x0000000008000808                HAL_NVIC_SetPriority
 .text.HAL_SYSTICK_Config
                0x0000000008000834       0x1a Drivers/STM32L0xx_HAL_Driver/Src/stm32l0xx_hal_cortex.o
                0x0000000008000834                HAL_SYSTICK_Config
 .text.HAL_DAC_Init
                0x000000000800084e       0x46 Drivers/STM32L0xx_HAL_Driver/Src/stm32l0xx_hal_dac.o
                0x000000000800084e                HAL_DAC_Init
 .text.HAL_DAC_ConfigChannel
                0x0000000008000894       0x98 Drivers/STM32L0xx_HAL_Driver/Src/stm32l0xx_hal_dac.o
                0x0000000008000894                HAL_DAC_ConfigChannel
 .text.HAL_DAC_Start
                0x000000000800092c       0xd2 Drivers/STM32L0xx_HAL_Driver/Src/stm32l0xx_hal_dac_ex.o
                0x000000000800092c                HAL_DAC_Start
 .text.HAL_DAC_SetValue
                0x00000000080009fe       0x44 Drivers/STM32L0xx_HAL_Driver/Src/stm32l0xx_hal_dac_ex.o
                0x00000000080009fe                HAL_DAC_SetValue
 *fill*         0x0000000008000a42        0x2 
 .text.HAL_GPIO_Init
                0x0000000008000a44      0x2fc Drivers/STM32L0xx_HAL_Driver/Src/stm32l0xx_hal_gpio.o
                0x0000000008000a44                HAL_GPIO_Init
 .text.HAL_GPIO_WritePin
                0x0000000008000d40       0x3a Drivers/STM32L0xx_HAL_Driver/Src/stm32l0xx_hal_gpio.o
                0x0000000008000d40                HAL_GPIO_WritePin
 *fill*         0x0000000008000d7a        0x2 
 .text.HAL_RCC_OscConfig
                0x0000000008000d7c      0x744 Drivers/STM32L0xx_HAL_Driver/Src/stm32l0xx_hal_rcc.o
                0x0000000008000d7c                HAL_RCC_OscConfig
 .text.HAL_RCC_ClockConfig
                0x00000000080014c0      0x234 Drivers/STM32L0xx_HAL_Driver/Src/stm32l0xx_hal_rcc.o
                0x00000000080014c0                HAL_RCC_ClockConfig
 .text.HAL_RCC_GetSysClockFreq
                0x00000000080016f4       0xfc Drivers/STM32L0xx_HAL_Driver/Src/stm32l0xx_hal_rcc.o
                0x00000000080016f4                HAL_RCC_GetSysClockFreq
 .text.HAL_RCC_GetHCLKFreq
                0x00000000080017f0       0x14 Drivers/STM32L0xx_HAL_Driver/Src/stm32l0xx_hal_rcc.o
                0x00000000080017f0                HAL_RCC_GetHCLKFreq
 .text.HAL_RCC_GetPCLK1Freq
                0x0000000008001804       0x2c Drivers/STM32L0xx_HAL_Driver/Src/stm32l0xx_hal_rcc.o
                0x0000000008001804                HAL_RCC_GetPCLK1Freq
 .text.HAL_RCC_GetPCLK2Freq
                0x0000000008001830       0x2c Drivers/STM32L0xx_HAL_Driver/Src/stm32l0xx_hal_rcc.o
                0x0000000008001830                HAL_RCC_GetPCLK2Freq
 .text.RCC_SetFlashLatencyFromMSIRange
                0x000000000800185c       0xb0 Drivers/STM32L0xx_HAL_Driver/Src/stm32l0xx_hal_rcc.o
 .text.HAL_RCCEx_GetPeriphCLKFreq
                0x000000000800190c      0x3ec Drivers/STM32L0xx_HAL_Driver/Src/stm32l0xx_hal_rcc_ex.o
                0x000000000800190c                HAL_RCCEx_GetPeriphCLKFreq
 .text.HAL_UART_Init
                0x0000000008001cf8       0xb0 Drivers/STM32L0xx_HAL_Driver/Src/stm32l0xx_hal_uart.o
                0x0000000008001cf8                HAL_UART_Init
 .text.HAL_UART_DeInit
                0x0000000008001da8       0x72 Drivers/STM32L0xx_HAL_Driver/Src/stm32l0xx_hal_uart.o
                0x0000000008001da8                HAL_UART_DeInit
 .text.HAL_UART_MspDeInit
                0x0000000008001e1a       0x10 Drivers/STM32L0xx_HAL_Driver/Src/stm32l0xx_hal_uart.o
                0x0000000008001e1a                HAL_UART_MspDeInit
 .text.HAL_UART_Transmit
                0x0000000008001e2a      0x142 Drivers/STM32L0xx_HAL_Driver/Src/stm32l0xx_hal_uart.o
                0x0000000008001e2a                HAL_UART_Transmit
 .text.HAL_UART_Receive
                0x0000000008001f6c      0x1c0 Drivers/STM32L0xx_HAL_Driver/Src/stm32l0xx_hal_uart.o
                0x0000000008001f6c                HAL_UART_Receive
 .text.UART_SetConfig
                0x000000000800212c      0x69c Drivers/STM32L0xx_HAL_Driver/Src/stm32l0xx_hal_uart.o
                0x000000000800212c                UART_SetConfig
 .text.UART_AdvFeatureConfig
                0x00000000080027c8      0x158 Drivers/STM32L0xx_HAL_Driver/Src/stm32l0xx_hal_uart.o
                0x00000000080027c8                UART_AdvFeatureConfig
 .text.UART_CheckIdleState
                0x0000000008002920       0x94 Drivers/STM32L0xx_HAL_Driver/Src/stm32l0xx_hal_uart.o
                0x0000000008002920                UART_CheckIdleState
 .text.UART_WaitOnFlagUntilTimeout
                0x00000000080029b4       0x98 Drivers/STM32L0xx_HAL_Driver/Src/stm32l0xx_hal_uart.o
                0x00000000080029b4                UART_WaitOnFlagUntilTimeout
 .text.PWM_Init
                0x0000000008002a4c       0xa8 src/main.o
                0x0000000008002a4c                PWM_Init
 .text.GPIO_Init
                0x0000000008002af4       0xd8 src/main.o
                0x0000000008002af4                GPIO_Init
 .text.USART2_Init
                0x0000000008002bcc       0x60 src/main.o
                0x0000000008002bcc                USART2_Init
 .text.HAL_UART_MspInit
                0x0000000008002c2c       0x8c src/main.o
                0x0000000008002c2c                HAL_UART_MspInit
 .text.DAC_Init
                0x0000000008002cb8       0x4c src/main.o
                0x0000000008002cb8                DAC_Init
 .text.HAL_DAC_MspInit
                0x0000000008002d04       0x64 src/main.o
                0x0000000008002d04                HAL_DAC_MspInit
 .text.main     0x0000000008002d68      0x1c4 src/main.o
                0x0000000008002d68                main
 .text.SystemClock_Config
                0x0000000008002f2c       0xc8 src/main.o
                0x0000000008002f2c                SystemClock_Config
 .text.Error_Handler
                0x0000000008002ff4       0x2e src/main.o
 *fill*         0x0000000008003022        0x2 
 .text._write   0x0000000008003024       0x40 src/main.o
                0x0000000008003024                _write
 .text.Reset_Handler
                0x0000000008003064       0x50 src/startup_stm32l073xx.o
                0x0000000008003064                Reset_Handler
 .text.Default_Handler
                0x00000000080030b4        0x2 src/startup_stm32l073xx.o
                0x00000000080030b4                TSC_IRQHandler
                0x00000000080030b4                ADC1_COMP_IRQHandler
                0x00000000080030b4                PVD_IRQHandler
                0x00000000080030b4                I2C1_IRQHandler
                0x00000000080030b4                RCC_CRS_IRQHandler
                0x00000000080030b4                SPI1_IRQHandler
                0x00000000080030b4                TIM6_DAC_IRQHandler
                0x00000000080030b4                EXTI2_3_IRQHandler
                0x00000000080030b4                I2C2_IRQHandler
                0x00000000080030b4                RTC_IRQHandler
                0x00000000080030b4                LCD_IRQHandler
                0x00000000080030b4                DMA1_Channel4_5_6_7_IRQHandler
                0x00000000080030b4                TIM3_IRQHandler
                0x00000000080030b4                EXTI4_15_IRQHandler
                0x00000000080030b4                DMA1_Channel1_IRQHandler
                0x00000000080030b4                USART4_5_IRQHandler
                0x00000000080030b4                Default_Handler
                0x00000000080030b4                TIM22_IRQHandler
                0x00000000080030b4                TIM7_IRQHandler
                0x00000000080030b4                EXTI0_1_IRQHandler
                0x00000000080030b4                USB_IRQHandler
                0x00000000080030b4                I2C3_IRQHandler
                0x00000000080030b4                SPI2_IRQHandler
                0x00000000080030b4                TIM21_IRQHandler
                0x00000000080030b4                WWDG_IRQHandler
                0x00000000080030b4                TIM2_IRQHandler
                0x00000000080030b4                DMA1_Channel2_3_IRQHandler
                0x00000000080030b4                USART2_IRQHandler
                0x00000000080030b4                FLASH_IRQHandler
                0x00000000080030b4                USART1_IRQHandler
                0x00000000080030b4                RNG_LPUART1_IRQHandler
                0x00000000080030b4                LPTIM1_IRQHandler
 .text.NMI_Handler
                0x00000000080030b6        0xa src/stm32l0xx_it.o
                0x00000000080030b6                NMI_Handler
 .text.HardFault_Handler
                0x00000000080030c0        0x6 src/stm32l0xx_it.o
                0x00000000080030c0                HardFault_Handler
 .text.SVC_Handler
                0x00000000080030c6        0xa src/stm32l0xx_it.o
                0x00000000080030c6                SVC_Handler
 .text.PendSV_Handler
                0x00000000080030d0        0xa src/stm32l0xx_it.o
                0x00000000080030d0                PendSV_Handler
 .text.SysTick_Handler
                0x00000000080030da        0xe src/stm32l0xx_it.o
                0x00000000080030da                SysTick_Handler
 .text.SystemInit
                0x00000000080030e8       0x7c src/system_stm32l0xx.o
                0x00000000080030e8                SystemInit
 .text.ts_itoa  0x0000000008003164       0x98 src/tiny_printf.o
                0x0000000008003164                ts_itoa
 .text.ts_formatstring
                0x00000000080031fc      0x12c src/tiny_printf.o
                0x00000000080031fc                ts_formatstring
 .text.ts_formatlength
                0x0000000008003328       0xa8 src/tiny_printf.o
                0x0000000008003328                ts_formatlength
 .text.iprintf  0x00000000080033d0       0xc0 src/tiny_printf.o
                0x00000000080033d0                printf
                0x00000000080033d0                iprintf
 .text.puts     0x0000000008003490       0x60 src/tiny_printf.o
                0x0000000008003490                puts
 .text.__libc_init_array
                0x00000000080034f0       0x48 /opt/Atollic_TrueSTUDIO_for_STM32_x86_64_9.1.0/ARMTools/bin/../lib/gcc/arm-atollic-eabi/6.3.1/../../../../arm-atollic-eabi/lib/armv6-m/libc_nano.a(lib_a-init.o)
                0x00000000080034f0                __libc_init_array
 .text.memset   0x0000000008003538       0x10 /opt/Atollic_TrueSTUDIO_for_STM32_x86_64_9.1.0/ARMTools/bin/../lib/gcc/arm-atollic-eabi/6.3.1/../../../../arm-atollic-eabi/lib/armv6-m/libc_nano.a(lib_a-memset.o)
                0x0000000008003538                memset
 *(.glue_7)
 .glue_7        0x0000000008003548        0x0 linker stubs
 *(.glue_7t)
 .glue_7t       0x0000000008003548        0x0 linker stubs
 *(.eh_frame)
 .eh_frame      0x0000000008003548        0x0 /opt/Atollic_TrueSTUDIO_for_STM32_x86_64_9.1.0/ARMTools/bin/../lib/gcc/arm-atollic-eabi/6.3.1/armv6-m/crtbegin.o
 *(.init)
 .init          0x0000000008003548        0x4 /opt/Atollic_TrueSTUDIO_for_STM32_x86_64_9.1.0/ARMTools/bin/../lib/gcc/arm-atollic-eabi/6.3.1/armv6-m/crti.o
                0x0000000008003548                _init
 .init          0x000000000800354c        0x8 /opt/Atollic_TrueSTUDIO_for_STM32_x86_64_9.1.0/ARMTools/bin/../lib/gcc/arm-atollic-eabi/6.3.1/armv6-m/crtn.o
 *(.fini)
 .fini          0x0000000008003554        0x4 /opt/Atollic_TrueSTUDIO_for_STM32_x86_64_9.1.0/ARMTools/bin/../lib/gcc/arm-atollic-eabi/6.3.1/armv6-m/crti.o
                0x0000000008003554                _fini
 .fini          0x0000000008003558        0x8 /opt/Atollic_TrueSTUDIO_for_STM32_x86_64_9.1.0/ARMTools/bin/../lib/gcc/arm-atollic-eabi/6.3.1/armv6-m/crtn.o
                0x0000000008003560                . = ALIGN (0x4)
                0x0000000008003560                _etext = .

.vfp11_veneer   0x0000000008003560        0x0
 .vfp11_veneer  0x0000000008003560        0x0 linker stubs

.v4_bx          0x0000000008003560        0x0
 .v4_bx         0x0000000008003560        0x0 linker stubs

.iplt           0x0000000008003560        0x0
 .iplt          0x0000000008003560        0x0 /opt/Atollic_TrueSTUDIO_for_STM32_x86_64_9.1.0/ARMTools/bin/../lib/gcc/arm-atollic-eabi/6.3.1/armv6-m/crtbegin.o

.rodata         0x0000000008003560      0x1b8
                0x0000000008003560                . = ALIGN (0x4)
 *(.rodata)
 .rodata        0x0000000008003560       0xc2 src/main.o
 *fill*         0x0000000008003622        0x2 
 .rodata        0x0000000008003624        0x2 src/tiny_printf.o
 *(.rodata*)
 *fill*         0x0000000008003626        0x2 
 .rodata.UART_SetConfig
                0x0000000008003628       0x48 Drivers/STM32L0xx_HAL_Driver/Src/stm32l0xx_hal_uart.o
 .rodata.AHBPrescTable
                0x0000000008003670       0x10 src/system_stm32l0xx.o
                0x0000000008003670                AHBPrescTable
 .rodata.APBPrescTable
                0x0000000008003680        0x8 src/system_stm32l0xx.o
                0x0000000008003680                APBPrescTable
 .rodata.PLLMulTable
                0x0000000008003688        0x9 src/system_stm32l0xx.o
                0x0000000008003688                PLLMulTable
 *fill*         0x0000000008003691        0x3 
 .rodata.ts_formatlength
                0x0000000008003694       0x84 src/tiny_printf.o
                0x0000000008003718                . = ALIGN (0x4)

.ARM.extab
 *(.ARM.extab* .gnu.linkonce.armextab.*)

.ARM            0x0000000008003718        0x8
                0x0000000008003718                __exidx_start = .
 *(.ARM.exidx*)
 .ARM.exidx     0x0000000008003718        0x8 /opt/Atollic_TrueSTUDIO_for_STM32_x86_64_9.1.0/ARMTools/bin/../lib/gcc/arm-atollic-eabi/6.3.1/armv6-m/libgcc.a(_udivmoddi4.o)
                0x0000000008003720                __exidx_end = .

.rel.dyn        0x0000000008003720        0x0
 .rel.iplt      0x0000000008003720        0x0 /opt/Atollic_TrueSTUDIO_for_STM32_x86_64_9.1.0/ARMTools/bin/../lib/gcc/arm-atollic-eabi/6.3.1/armv6-m/crtbegin.o

.preinit_array  0x0000000008003720        0x0
                0x0000000008003720                PROVIDE (__preinit_array_start, .)
 *(.preinit_array*)
                0x0000000008003720                PROVIDE (__preinit_array_end, .)

.init_array     0x0000000008003720        0x4
                0x0000000008003720                PROVIDE (__init_array_start, .)
 *(SORT(.init_array.*))
 *(.init_array*)
 .init_array    0x0000000008003720        0x4 /opt/Atollic_TrueSTUDIO_for_STM32_x86_64_9.1.0/ARMTools/bin/../lib/gcc/arm-atollic-eabi/6.3.1/armv6-m/crtbegin.o
                0x0000000008003724                PROVIDE (__init_array_end, .)

.fini_array     0x0000000008003724        0x4
                [!provide]                        PROVIDE (__fini_array_start, .)
 *(SORT(.fini_array.*))
 *(.fini_array*)
 .fini_array    0x0000000008003724        0x4 /opt/Atollic_TrueSTUDIO_for_STM32_x86_64_9.1.0/ARMTools/bin/../lib/gcc/arm-atollic-eabi/6.3.1/armv6-m/crtbegin.o
                [!provide]                        PROVIDE (__fini_array_end, .)
                0x0000000008003728                _sidata = LOADADDR (.data)

.data           0x0000000020000000        0x4 load address 0x0000000008003728
                0x0000000020000000                . = ALIGN (0x4)
                0x0000000020000000                _sdata = .
 *(.data)
 *(.data*)
 .data.SystemCoreClock
                0x0000000020000000        0x4 src/system_stm32l0xx.o
                0x0000000020000000                SystemCoreClock
                0x0000000020000004                . = ALIGN (0x4)
                0x0000000020000004                _edata = .

.igot.plt       0x0000000020000004        0x0 load address 0x000000000800372c
 .igot.plt      0x0000000020000004        0x0 /opt/Atollic_TrueSTUDIO_for_STM32_x86_64_9.1.0/ARMTools/bin/../lib/gcc/arm-atollic-eabi/6.3.1/armv6-m/crtbegin.o
                0x0000000020000004                . = ALIGN (0x4)

.bss            0x0000000020000004       0xac load address 0x000000000800372c
                0x0000000020000004                _sbss = .
                0x0000000020000004                __bss_start__ = _sbss
 *(.bss)
 .bss           0x0000000020000004       0x1c /opt/Atollic_TrueSTUDIO_for_STM32_x86_64_9.1.0/ARMTools/bin/../lib/gcc/arm-atollic-eabi/6.3.1/armv6-m/crtbegin.o
 *(.bss*)
 .bss.sConfig   0x0000000020000020        0x8 src/main.o
 *(COMMON)
 COMMON         0x0000000020000028        0x4 Drivers/STM32L0xx_HAL_Driver/Src/stm32l0xx_hal.o
                0x0000000020000028                uwTick
 COMMON         0x000000002000002c       0x84 src/main.o
                0x000000002000002c                huart
                0x000000002000009c                hdac
                0x00000000200000b0                . = ALIGN (0x4)
                0x00000000200000b0                _ebss = .
                0x00000000200000b0                __bss_end__ = _ebss

._user_heap_stack
                0x00000000200000b0      0x100 load address 0x000000000800372c
                0x00000000200000b0                . = ALIGN (0x4)
                [!provide]                        PROVIDE (end, .)
                [!provide]                        PROVIDE (_end, .)
                0x00000000200000b0                . = (. + _Min_Heap_Size)
                0x00000000200001b0                . = (. + _Min_Stack_Size)
 *fill*         0x00000000200000b0      0x100 
                0x00000000200001b0                . = ALIGN (0x4)

.memory_b1_text
 *(.mb1text)
 *(.mb1text*)
 *(.mb1rodata)
 *(.mb1rodata*)

/DISCARD/
 libc.a(*)
 libm.a(*)
 libgcc.a(*)

.ARM.attributes
                0x0000000000000000       0x28
 *(.ARM.attributes)
 .ARM.attributes
                0x0000000000000000       0x1e /opt/Atollic_TrueSTUDIO_for_STM32_x86_64_9.1.0/ARMTools/bin/../lib/gcc/arm-atollic-eabi/6.3.1/armv6-m/crti.o
 .ARM.attributes
                0x000000000000001e       0x2c /opt/Atollic_TrueSTUDIO_for_STM32_x86_64_9.1.0/ARMTools/bin/../lib/gcc/arm-atollic-eabi/6.3.1/armv6-m/crtbegin.o
 .ARM.attributes
                0x000000000000004a       0x32 Drivers/STM32L0xx_HAL_Driver/Src/stm32l0xx_hal.o
 .ARM.attributes
                0x000000000000007c       0x32 Drivers/STM32L0xx_HAL_Driver/Src/stm32l0xx_hal_cortex.o
 .ARM.attributes
                0x00000000000000ae       0x32 Drivers/STM32L0xx_HAL_Driver/Src/stm32l0xx_hal_dac.o
 .ARM.attributes
                0x00000000000000e0       0x32 Drivers/STM32L0xx_HAL_Driver/Src/stm32l0xx_hal_dac_ex.o
 .ARM.attributes
                0x0000000000000112       0x32 Drivers/STM32L0xx_HAL_Driver/Src/stm32l0xx_hal_gpio.o
 .ARM.attributes
                0x0000000000000144       0x32 Drivers/STM32L0xx_HAL_Driver/Src/stm32l0xx_hal_rcc.o
 .ARM.attributes
                0x0000000000000176       0x32 Drivers/STM32L0xx_HAL_Driver/Src/stm32l0xx_hal_rcc_ex.o
 .ARM.attributes
                0x00000000000001a8       0x32 Drivers/STM32L0xx_HAL_Driver/Src/stm32l0xx_hal_uart.o
 .ARM.attributes
                0x00000000000001da       0x32 src/main.o
 .ARM.attributes
                0x000000000000020c       0x22 src/startup_stm32l073xx.o
 .ARM.attributes
                0x000000000000022e       0x32 src/stm32l0xx_it.o
 .ARM.attributes
                0x0000000000000260       0x32 src/system_stm32l0xx.o
 .ARM.attributes
                0x0000000000000292       0x32 src/tiny_printf.o
 .ARM.attributes
                0x00000000000002c4       0x2c /opt/Atollic_TrueSTUDIO_for_STM32_x86_64_9.1.0/ARMTools/bin/../lib/gcc/arm-atollic-eabi/6.3.1/../../../../arm-atollic-eabi/lib/armv6-m/libc_nano.a(lib_a-init.o)
 .ARM.attributes
                0x00000000000002f0       0x2c /opt/Atollic_TrueSTUDIO_for_STM32_x86_64_9.1.0/ARMTools/bin/../lib/gcc/arm-atollic-eabi/6.3.1/../../../../arm-atollic-eabi/lib/armv6-m/libc_nano.a(lib_a-memset.o)
 .ARM.attributes
                0x000000000000031c       0x1c /opt/Atollic_TrueSTUDIO_for_STM32_x86_64_9.1.0/ARMTools/bin/../lib/gcc/arm-atollic-eabi/6.3.1/../../../../arm-atollic-eabi/lib/armv6-m/libc_nano.a(lib_a-strlen.o)
 .ARM.attributes
                0x0000000000000338       0x1e /opt/Atollic_TrueSTUDIO_for_STM32_x86_64_9.1.0/ARMTools/bin/../lib/gcc/arm-atollic-eabi/6.3.1/armv6-m/libgcc.a(_udivsi3.o)
 .ARM.attributes
                0x0000000000000356       0x1e /opt/Atollic_TrueSTUDIO_for_STM32_x86_64_9.1.0/ARMTools/bin/../lib/gcc/arm-atollic-eabi/6.3.1/armv6-m/libgcc.a(_divsi3.o)
 .ARM.attributes
                0x0000000000000374       0x1e /opt/Atollic_TrueSTUDIO_for_STM32_x86_64_9.1.0/ARMTools/bin/../lib/gcc/arm-atollic-eabi/6.3.1/armv6-m/libgcc.a(_dvmd_tls.o)
 .ARM.attributes
                0x0000000000000392       0x1e /opt/Atollic_TrueSTUDIO_for_STM32_x86_64_9.1.0/ARMTools/bin/../lib/gcc/arm-atollic-eabi/6.3.1/armv6-m/libgcc.a(_aeabi_uldivmod.o)
 .ARM.attributes
                0x00000000000003b0       0x2c /opt/Atollic_TrueSTUDIO_for_STM32_x86_64_9.1.0/ARMTools/bin/../lib/gcc/arm-atollic-eabi/6.3.1/armv6-m/libgcc.a(_udivmoddi4.o)
 .ARM.attributes
                0x00000000000003dc       0x1e /opt/Atollic_TrueSTUDIO_for_STM32_x86_64_9.1.0/ARMTools/bin/../lib/gcc/arm-atollic-eabi/6.3.1/armv6-m/libgcc.a(_clzdi2.o)
 .ARM.attributes
                0x00000000000003fa       0x1e /opt/Atollic_TrueSTUDIO_for_STM32_x86_64_9.1.0/ARMTools/bin/../lib/gcc/arm-atollic-eabi/6.3.1/armv6-m/libgcc.a(_clzsi2.o)
 .ARM.attributes
                0x0000000000000418       0x1e /opt/Atollic_TrueSTUDIO_for_STM32_x86_64_9.1.0/ARMTools/bin/../lib/gcc/arm-atollic-eabi/6.3.1/armv6-m/crtn.o
OUTPUT(L073_MotorApp.elf elf32-littlearm)

.debug_info     0x0000000000000000     0xc8ac
 .debug_info    0x0000000000000000      0xf91 Drivers/STM32L0xx_HAL_Driver/Src/stm32l0xx_hal.o
 .debug_info    0x0000000000000f91     0x1080 Drivers/STM32L0xx_HAL_Driver/Src/stm32l0xx_hal_cortex.o
 .debug_info    0x0000000000002011     0x1077 Drivers/STM32L0xx_HAL_Driver/Src/stm32l0xx_hal_dac.o
 .debug_info    0x0000000000003088     0x1169 Drivers/STM32L0xx_HAL_Driver/Src/stm32l0xx_hal_dac_ex.o
 .debug_info    0x00000000000041f1      0xed1 Drivers/STM32L0xx_HAL_Driver/Src/stm32l0xx_hal_gpio.o
 .debug_info    0x00000000000050c2     0x117e Drivers/STM32L0xx_HAL_Driver/Src/stm32l0xx_hal_rcc.o
 .debug_info    0x0000000000006240     0x102f Drivers/STM32L0xx_HAL_Driver/Src/stm32l0xx_hal_rcc_ex.o
 .debug_info    0x000000000000726f     0x1c45 Drivers/STM32L0xx_HAL_Driver/Src/stm32l0xx_hal_uart.o
 .debug_info    0x0000000000008eb4     0x1790 src/main.o
 .debug_info    0x000000000000a644       0x96 src/startup_stm32l073xx.o
 .debug_info    0x000000000000a6da      0x9c1 src/stm32l0xx_it.o
 .debug_info    0x000000000000b09b      0xb99 src/system_stm32l0xx.o
 .debug_info    0x000000000000bc34      0xc78 src/tiny_printf.o

.debug_abbrev   0x0000000000000000     0x1ce8
 .debug_abbrev  0x0000000000000000      0x271 Drivers/STM32L0xx_HAL_Driver/Src/stm32l0xx_hal.o
 .debug_abbrev  0x0000000000000271      0x30f Drivers/STM32L0xx_HAL_Driver/Src/stm32l0xx_hal_cortex.o
 .debug_abbrev  0x0000000000000580      0x211 Drivers/STM32L0xx_HAL_Driver/Src/stm32l0xx_hal_dac.o
 .debug_abbrev  0x0000000000000791      0x28c Drivers/STM32L0xx_HAL_Driver/Src/stm32l0xx_hal_dac_ex.o
 .debug_abbrev  0x0000000000000a1d      0x243 Drivers/STM32L0xx_HAL_Driver/Src/stm32l0xx_hal_gpio.o
 .debug_abbrev  0x0000000000000c60      0x2b5 Drivers/STM32L0xx_HAL_Driver/Src/stm32l0xx_hal_rcc.o
 .debug_abbrev  0x0000000000000f15      0x26d Drivers/STM32L0xx_HAL_Driver/Src/stm32l0xx_hal_rcc_ex.o
 .debug_abbrev  0x0000000000001182      0x2b4 Drivers/STM32L0xx_HAL_Driver/Src/stm32l0xx_hal_uart.o
 .debug_abbrev  0x0000000000001436      0x2eb src/main.o
 .debug_abbrev  0x0000000000001721       0x12 src/startup_stm32l073xx.o
 .debug_abbrev  0x0000000000001733      0x189 src/stm32l0xx_it.o
 .debug_abbrev  0x00000000000018bc      0x1ca src/system_stm32l0xx.o
 .debug_abbrev  0x0000000000001a86      0x262 src/tiny_printf.o

.debug_aranges  0x0000000000000000      0x7f8
 .debug_aranges
                0x0000000000000000       0xe0 Drivers/STM32L0xx_HAL_Driver/Src/stm32l0xx_hal.o
 .debug_aranges
                0x00000000000000e0       0xc8 Drivers/STM32L0xx_HAL_Driver/Src/stm32l0xx_hal_cortex.o
 .debug_aranges
                0x00000000000001a8       0xa8 Drivers/STM32L0xx_HAL_Driver/Src/stm32l0xx_hal_dac.o
 .debug_aranges
                0x0000000000000250       0xb8 Drivers/STM32L0xx_HAL_Driver/Src/stm32l0xx_hal_dac_ex.o
 .debug_aranges
                0x0000000000000308       0x58 Drivers/STM32L0xx_HAL_Driver/Src/stm32l0xx_hal_gpio.o
 .debug_aranges
                0x0000000000000360       0x88 Drivers/STM32L0xx_HAL_Driver/Src/stm32l0xx_hal_rcc.o
 .debug_aranges
                0x00000000000003e8       0xb0 Drivers/STM32L0xx_HAL_Driver/Src/stm32l0xx_hal_rcc_ex.o
 .debug_aranges
                0x0000000000000498      0x1e8 Drivers/STM32L0xx_HAL_Driver/Src/stm32l0xx_hal_uart.o
 .debug_aranges
                0x0000000000000680       0x68 src/main.o
 .debug_aranges
                0x00000000000006e8       0x28 src/startup_stm32l073xx.o
 .debug_aranges
                0x0000000000000710       0x60 src/stm32l0xx_it.o
 .debug_aranges
                0x0000000000000770       0x28 src/system_stm32l0xx.o
 .debug_aranges
                0x0000000000000798       0x60 src/tiny_printf.o

.debug_ranges   0x0000000000000000      0x778
 .debug_ranges  0x0000000000000000       0xd0 Drivers/STM32L0xx_HAL_Driver/Src/stm32l0xx_hal.o
 .debug_ranges  0x00000000000000d0       0xb8 Drivers/STM32L0xx_HAL_Driver/Src/stm32l0xx_hal_cortex.o
 .debug_ranges  0x0000000000000188       0x98 Drivers/STM32L0xx_HAL_Driver/Src/stm32l0xx_hal_dac.o
 .debug_ranges  0x0000000000000220       0xa8 Drivers/STM32L0xx_HAL_Driver/Src/stm32l0xx_hal_dac_ex.o
 .debug_ranges  0x00000000000002c8       0x48 Drivers/STM32L0xx_HAL_Driver/Src/stm32l0xx_hal_gpio.o
 .debug_ranges  0x0000000000000310       0x78 Drivers/STM32L0xx_HAL_Driver/Src/stm32l0xx_hal_rcc.o
 .debug_ranges  0x0000000000000388       0xa0 Drivers/STM32L0xx_HAL_Driver/Src/stm32l0xx_hal_rcc_ex.o
 .debug_ranges  0x0000000000000428      0x1d8 Drivers/STM32L0xx_HAL_Driver/Src/stm32l0xx_hal_uart.o
 .debug_ranges  0x0000000000000600       0xa0 src/main.o
 .debug_ranges  0x00000000000006a0       0x20 src/startup_stm32l073xx.o
 .debug_ranges  0x00000000000006c0       0x50 src/stm32l0xx_it.o
 .debug_ranges  0x0000000000000710       0x18 src/system_stm32l0xx.o
 .debug_ranges  0x0000000000000728       0x50 src/tiny_printf.o

.debug_line     0x0000000000000000     0x3973
 .debug_line    0x0000000000000000      0x443 Drivers/STM32L0xx_HAL_Driver/Src/stm32l0xx_hal.o
 .debug_line    0x0000000000000443      0x482 Drivers/STM32L0xx_HAL_Driver/Src/stm32l0xx_hal_cortex.o
 .debug_line    0x00000000000008c5      0x407 Drivers/STM32L0xx_HAL_Driver/Src/stm32l0xx_hal_dac.o
 .debug_line    0x0000000000000ccc      0x4ca Drivers/STM32L0xx_HAL_Driver/Src/stm32l0xx_hal_dac_ex.o
 .debug_line    0x0000000000001196      0x40f Drivers/STM32L0xx_HAL_Driver/Src/stm32l0xx_hal_gpio.o
 .debug_line    0x00000000000015a5      0x53b Drivers/STM32L0xx_HAL_Driver/Src/stm32l0xx_hal_rcc.o
 .debug_line    0x0000000000001ae0      0x5a6 Drivers/STM32L0xx_HAL_Driver/Src/stm32l0xx_hal_rcc_ex.o
 .debug_line    0x0000000000002086      0xd07 Drivers/STM32L0xx_HAL_Driver/Src/stm32l0xx_hal_uart.o
 .debug_line    0x0000000000002d8d      0x3f4 src/main.o
 .debug_line    0x0000000000003181       0x7f src/startup_stm32l073xx.o
 .debug_line    0x0000000000003200      0x27e src/stm32l0xx_it.o
 .debug_line    0x000000000000347e      0x257 src/system_stm32l0xx.o
 .debug_line    0x00000000000036d5      0x29e src/tiny_printf.o

.debug_str      0x0000000000000000     0x2a44
 .debug_str     0x0000000000000000      0xb72 Drivers/STM32L0xx_HAL_Driver/Src/stm32l0xx_hal.o
                                        0xbfa (size before relaxing)
 .debug_str     0x0000000000000b72      0x365 Drivers/STM32L0xx_HAL_Driver/Src/stm32l0xx_hal_cortex.o
                                        0xb98 (size before relaxing)
 .debug_str     0x0000000000000ed7      0x49d Drivers/STM32L0xx_HAL_Driver/Src/stm32l0xx_hal_dac.o
                                        0xb3d (size before relaxing)
 .debug_str     0x0000000000001374      0x1c0 Drivers/STM32L0xx_HAL_Driver/Src/stm32l0xx_hal_dac_ex.o
                                        0xb8e (size before relaxing)
 .debug_str     0x0000000000001534      0x1a4 Drivers/STM32L0xx_HAL_Driver/Src/stm32l0xx_hal_gpio.o
                                        0x8e6 (size before relaxing)
 .debug_str     0x00000000000016d8      0x32d Drivers/STM32L0xx_HAL_Driver/Src/stm32l0xx_hal_rcc.o
                                        0xb1f (size before relaxing)
 .debug_str     0x0000000000001a05      0x45f Drivers/STM32L0xx_HAL_Driver/Src/stm32l0xx_hal_rcc_ex.o
                                        0xbef (size before relaxing)
 .debug_str     0x0000000000001e64      0x94a Drivers/STM32L0xx_HAL_Driver/Src/stm32l0xx_hal_uart.o
                                       0x12a4 (size before relaxing)
 .debug_str     0x00000000000027ae      0x102 src/main.o
                                        0xf86 (size before relaxing)
 .debug_str     0x00000000000028b0       0xa6 src/stm32l0xx_it.o
                                        0x6bb (size before relaxing)
 .debug_str     0x0000000000002956       0x4e src/system_stm32l0xx.o
                                        0x738 (size before relaxing)
 .debug_str     0x00000000000029a4       0xa0 src/tiny_printf.o
                                        0x688 (size before relaxing)

.comment        0x0000000000000000       0x7c
 .comment       0x0000000000000000       0x7c Drivers/STM32L0xx_HAL_Driver/Src/stm32l0xx_hal.o
                                         0x7d (size before relaxing)
 .comment       0x000000000000007c       0x7d Drivers/STM32L0xx_HAL_Driver/Src/stm32l0xx_hal_cortex.o
 .comment       0x000000000000007c       0x7d Drivers/STM32L0xx_HAL_Driver/Src/stm32l0xx_hal_dac.o
 .comment       0x000000000000007c       0x7d Drivers/STM32L0xx_HAL_Driver/Src/stm32l0xx_hal_dac_ex.o
 .comment       0x000000000000007c       0x7d Drivers/STM32L0xx_HAL_Driver/Src/stm32l0xx_hal_gpio.o
 .comment       0x000000000000007c       0x7d Drivers/STM32L0xx_HAL_Driver/Src/stm32l0xx_hal_rcc.o
 .comment       0x000000000000007c       0x7d Drivers/STM32L0xx_HAL_Driver/Src/stm32l0xx_hal_rcc_ex.o
 .comment       0x000000000000007c       0x7d Drivers/STM32L0xx_HAL_Driver/Src/stm32l0xx_hal_uart.o
 .comment       0x000000000000007c       0x7d src/main.o
 .comment       0x000000000000007c       0x7d src/stm32l0xx_it.o
 .comment       0x000000000000007c       0x7d src/system_stm32l0xx.o
 .comment       0x000000000000007c       0x7d src/tiny_printf.o

.debug_frame    0x0000000000000000     0x1b88
 .debug_frame   0x0000000000000000      0x2e0 Drivers/STM32L0xx_HAL_Driver/Src/stm32l0xx_hal.o
 .debug_frame   0x00000000000002e0      0x2c4 Drivers/STM32L0xx_HAL_Driver/Src/stm32l0xx_hal_cortex.o
 .debug_frame   0x00000000000005a4      0x250 Drivers/STM32L0xx_HAL_Driver/Src/stm32l0xx_hal_dac.o
 .debug_frame   0x00000000000007f4      0x290 Drivers/STM32L0xx_HAL_Driver/Src/stm32l0xx_hal_dac_ex.o
 .debug_frame   0x0000000000000a84      0x110 Drivers/STM32L0xx_HAL_Driver/Src/stm32l0xx_hal_gpio.o
 .debug_frame   0x0000000000000b94      0x1b8 Drivers/STM32L0xx_HAL_Driver/Src/stm32l0xx_hal_rcc.o
 .debug_frame   0x0000000000000d4c      0x244 Drivers/STM32L0xx_HAL_Driver/Src/stm32l0xx_hal_rcc_ex.o
 .debug_frame   0x0000000000000f90      0x754 Drivers/STM32L0xx_HAL_Driver/Src/stm32l0xx_hal_uart.o
 .debug_frame   0x00000000000016e4      0x144 src/main.o
 .debug_frame   0x0000000000001828      0x10c src/stm32l0xx_it.o
 .debug_frame   0x0000000000001934       0x4c src/system_stm32l0xx.o
 .debug_frame   0x0000000000001980      0x140 src/tiny_printf.o
 .debug_frame   0x0000000000001ac0       0x2c /opt/Atollic_TrueSTUDIO_for_STM32_x86_64_9.1.0/ARMTools/bin/../lib/gcc/arm-atollic-eabi/6.3.1/../../../../arm-atollic-eabi/lib/armv6-m/libc_nano.a(lib_a-init.o)
 .debug_frame   0x0000000000001aec       0x20 /opt/Atollic_TrueSTUDIO_for_STM32_x86_64_9.1.0/ARMTools/bin/../lib/gcc/arm-atollic-eabi/6.3.1/../../../../arm-atollic-eabi/lib/armv6-m/libc_nano.a(lib_a-memset.o)
 .debug_frame   0x0000000000001b0c       0x20 /opt/Atollic_TrueSTUDIO_for_STM32_x86_64_9.1.0/ARMTools/bin/../lib/gcc/arm-atollic-eabi/6.3.1/armv6-m/libgcc.a(_udivsi3.o)
 .debug_frame   0x0000000000001b2c       0x20 /opt/Atollic_TrueSTUDIO_for_STM32_x86_64_9.1.0/ARMTools/bin/../lib/gcc/arm-atollic-eabi/6.3.1/armv6-m/libgcc.a(_divsi3.o)
 .debug_frame   0x0000000000001b4c       0x3c /opt/Atollic_TrueSTUDIO_for_STM32_x86_64_9.1.0/ARMTools/bin/../lib/gcc/arm-atollic-eabi/6.3.1/armv6-m/libgcc.a(_udivmoddi4.o)

Cross Reference Table

Symbol                                            File
ADC1_COMP_IRQHandler                              src/startup_stm32l073xx.o
AHBPrescTable                                     src/system_stm32l0xx.o
                                                  Drivers/STM32L0xx_HAL_Driver/Src/stm32l0xx_hal_rcc.o
APBPrescTable                                     src/system_stm32l0xx.o
                                                  Drivers/STM32L0xx_HAL_Driver/Src/stm32l0xx_hal_rcc.o
BSP_COM_Init                                      Drivers/BSP/STM32L073Z_EVAL/stm32l073z_eval.o
BSP_GetVersion                                    Drivers/BSP/STM32L073Z_EVAL/stm32l073z_eval.o
BSP_IO_ConfigPin                                  Drivers/BSP/STM32L073Z_EVAL/stm32l073z_eval_io.o
BSP_IO_ITClear                                    Drivers/BSP/STM32L073Z_EVAL/stm32l073z_eval_io.o
BSP_IO_ITGetStatus                                Drivers/BSP/STM32L073Z_EVAL/stm32l073z_eval_io.o
BSP_IO_Init                                       Drivers/BSP/STM32L073Z_EVAL/stm32l073z_eval_io.o
BSP_IO_ReadPin                                    Drivers/BSP/STM32L073Z_EVAL/stm32l073z_eval_io.o
BSP_IO_TogglePin                                  Drivers/BSP/STM32L073Z_EVAL/stm32l073z_eval_io.o
BSP_IO_WritePin                                   Drivers/BSP/STM32L073Z_EVAL/stm32l073z_eval_io.o
BSP_LED_Init                                      Drivers/BSP/STM32L073Z_EVAL/stm32l073z_eval.o
BSP_LED_Off                                       Drivers/BSP/STM32L073Z_EVAL/stm32l073z_eval.o
BSP_LED_On                                        Drivers/BSP/STM32L073Z_EVAL/stm32l073z_eval.o
BSP_LED_Toggle                                    Drivers/BSP/STM32L073Z_EVAL/stm32l073z_eval.o
BSP_PB_GetState                                   Drivers/BSP/STM32L073Z_EVAL/stm32l073z_eval.o
BSP_PB_Init                                       Drivers/BSP/STM32L073Z_EVAL/stm32l073z_eval.o
BUTTON_IRQn                                       Drivers/BSP/STM32L073Z_EVAL/stm32l073z_eval.o
BUTTON_PIN                                        Drivers/BSP/STM32L073Z_EVAL/stm32l073z_eval.o
BUTTON_PORT                                       Drivers/BSP/STM32L073Z_EVAL/stm32l073z_eval.o
BusFault_Handler                                  src/stm32l0xx_it.o
COM_RX_AF                                         Drivers/BSP/STM32L073Z_EVAL/stm32l073z_eval.o
COM_RX_PIN                                        Drivers/BSP/STM32L073Z_EVAL/stm32l073z_eval.o
COM_RX_PORT                                       Drivers/BSP/STM32L073Z_EVAL/stm32l073z_eval.o
COM_TX_AF                                         Drivers/BSP/STM32L073Z_EVAL/stm32l073z_eval.o
COM_TX_PIN                                        Drivers/BSP/STM32L073Z_EVAL/stm32l073z_eval.o
COM_TX_PORT                                       Drivers/BSP/STM32L073Z_EVAL/stm32l073z_eval.o
COM_USART                                         Drivers/BSP/STM32L073Z_EVAL/stm32l073z_eval.o
DAC_Init                                          src/main.o
DMA1_Channel1_IRQHandler                          src/startup_stm32l073xx.o
DMA1_Channel2_3_IRQHandler                        src/startup_stm32l073xx.o
DMA1_Channel4_5_6_7_IRQHandler                    src/startup_stm32l073xx.o
DebugMon_Handler                                  src/stm32l0xx_it.o
Default_Handler                                   src/startup_stm32l073xx.o
EXTI0_1_IRQHandler                                src/startup_stm32l073xx.o
EXTI2_3_IRQHandler                                src/startup_stm32l073xx.o
EXTI4_15_IRQHandler                               src/startup_stm32l073xx.o
FLASH_IRQHandler                                  src/startup_stm32l073xx.o
GPIO_Init                                         src/main.o
HAL_DACEx_ConvCpltCallbackCh2                     Drivers/STM32L0xx_HAL_Driver/Src/stm32l0xx_hal_dac_ex.o
HAL_DACEx_ConvHalfCpltCallbackCh2                 Drivers/STM32L0xx_HAL_Driver/Src/stm32l0xx_hal_dac_ex.o
HAL_DACEx_DMAUnderrunCallbackCh2                  Drivers/STM32L0xx_HAL_Driver/Src/stm32l0xx_hal_dac_ex.o
HAL_DACEx_DualGetValue                            Drivers/STM32L0xx_HAL_Driver/Src/stm32l0xx_hal_dac_ex.o
HAL_DACEx_DualSetValue                            Drivers/STM32L0xx_HAL_Driver/Src/stm32l0xx_hal_dac_ex.o
HAL_DACEx_ErrorCallbackCh2                        Drivers/STM32L0xx_HAL_Driver/Src/stm32l0xx_hal_dac_ex.o
HAL_DACEx_NoiseWaveGenerate                       Drivers/STM32L0xx_HAL_Driver/Src/stm32l0xx_hal_dac_ex.o
HAL_DACEx_TriangleWaveGenerate                    Drivers/STM32L0xx_HAL_Driver/Src/stm32l0xx_hal_dac_ex.o
HAL_DAC_ConfigChannel                             Drivers/STM32L0xx_HAL_Driver/Src/stm32l0xx_hal_dac.o
                                                  src/main.o
HAL_DAC_ConvCpltCallbackCh1                       Drivers/STM32L0xx_HAL_Driver/Src/stm32l0xx_hal_dac.o
                                                  Drivers/STM32L0xx_HAL_Driver/Src/stm32l0xx_hal_dac_ex.o
HAL_DAC_ConvHalfCpltCallbackCh1                   Drivers/STM32L0xx_HAL_Driver/Src/stm32l0xx_hal_dac.o
                                                  Drivers/STM32L0xx_HAL_Driver/Src/stm32l0xx_hal_dac_ex.o
HAL_DAC_DMAUnderrunCallbackCh1                    Drivers/STM32L0xx_HAL_Driver/Src/stm32l0xx_hal_dac.o
                                                  Drivers/STM32L0xx_HAL_Driver/Src/stm32l0xx_hal_dac_ex.o
HAL_DAC_DeInit                                    Drivers/STM32L0xx_HAL_Driver/Src/stm32l0xx_hal_dac.o
HAL_DAC_ErrorCallbackCh1                          Drivers/STM32L0xx_HAL_Driver/Src/stm32l0xx_hal_dac.o
                                                  Drivers/STM32L0xx_HAL_Driver/Src/stm32l0xx_hal_dac_ex.o
HAL_DAC_GetError                                  Drivers/STM32L0xx_HAL_Driver/Src/stm32l0xx_hal_dac.o
HAL_DAC_GetState                                  Drivers/STM32L0xx_HAL_Driver/Src/stm32l0xx_hal_dac.o
HAL_DAC_GetValue                                  Drivers/STM32L0xx_HAL_Driver/Src/stm32l0xx_hal_dac_ex.o
                                                  Drivers/STM32L0xx_HAL_Driver/Src/stm32l0xx_hal_dac.o
HAL_DAC_IRQHandler                                Drivers/STM32L0xx_HAL_Driver/Src/stm32l0xx_hal_dac_ex.o
                                                  Drivers/STM32L0xx_HAL_Driver/Src/stm32l0xx_hal_dac.o
HAL_DAC_Init                                      Drivers/STM32L0xx_HAL_Driver/Src/stm32l0xx_hal_dac.o
                                                  src/main.o
HAL_DAC_MspDeInit                                 Drivers/STM32L0xx_HAL_Driver/Src/stm32l0xx_hal_dac.o
HAL_DAC_MspInit                                   src/main.o
                                                  Drivers/STM32L0xx_HAL_Driver/Src/stm32l0xx_hal_dac.o
HAL_DAC_SetValue                                  Drivers/STM32L0xx_HAL_Driver/Src/stm32l0xx_hal_dac_ex.o
                                                  Drivers/STM32L0xx_HAL_Driver/Src/stm32l0xx_hal_dac.o
                                                  src/main.o
HAL_DAC_Start                                     Drivers/STM32L0xx_HAL_Driver/Src/stm32l0xx_hal_dac_ex.o
                                                  Drivers/STM32L0xx_HAL_Driver/Src/stm32l0xx_hal_dac.o
                                                  src/main.o
HAL_DAC_Start_DMA                                 Drivers/STM32L0xx_HAL_Driver/Src/stm32l0xx_hal_dac_ex.o
                                                  Drivers/STM32L0xx_HAL_Driver/Src/stm32l0xx_hal_dac.o
HAL_DAC_Stop                                      Drivers/STM32L0xx_HAL_Driver/Src/stm32l0xx_hal_dac.o
HAL_DAC_Stop_DMA                                  Drivers/STM32L0xx_HAL_Driver/Src/stm32l0xx_hal_dac_ex.o
                                                  Drivers/STM32L0xx_HAL_Driver/Src/stm32l0xx_hal_dac.o
HAL_DBGMCU_DBG_DisableLowPowerConfig              Drivers/STM32L0xx_HAL_Driver/Src/stm32l0xx_hal.o
HAL_DBGMCU_DBG_EnableLowPowerConfig               Drivers/STM32L0xx_HAL_Driver/Src/stm32l0xx_hal.o
HAL_DBGMCU_DisableDBGSleepMode                    Drivers/STM32L0xx_HAL_Driver/Src/stm32l0xx_hal.o
HAL_DBGMCU_DisableDBGStandbyMode                  Drivers/STM32L0xx_HAL_Driver/Src/stm32l0xx_hal.o
HAL_DBGMCU_DisableDBGStopMode                     Drivers/STM32L0xx_HAL_Driver/Src/stm32l0xx_hal.o
HAL_DBGMCU_EnableDBGSleepMode                     Drivers/STM32L0xx_HAL_Driver/Src/stm32l0xx_hal.o
HAL_DBGMCU_EnableDBGStandbyMode                   Drivers/STM32L0xx_HAL_Driver/Src/stm32l0xx_hal.o
HAL_DBGMCU_EnableDBGStopMode                      Drivers/STM32L0xx_HAL_Driver/Src/stm32l0xx_hal.o
HAL_DMA_Abort                                     Drivers/STM32L0xx_HAL_Driver/Src/stm32l0xx_hal_dma.o
                                                  Drivers/STM32L0xx_HAL_Driver/Src/stm32l0xx_hal_usart.o
                                                  Drivers/STM32L0xx_HAL_Driver/Src/stm32l0xx_hal_uart.o
                                                  Drivers/STM32L0xx_HAL_Driver/Src/stm32l0xx_hal_dac_ex.o
HAL_DMA_Abort_IT                                  Drivers/STM32L0xx_HAL_Driver/Src/stm32l0xx_hal_dma.o
                                                  Drivers/STM32L0xx_HAL_Driver/Src/stm32l0xx_hal_usart.o
                                                  Drivers/STM32L0xx_HAL_Driver/Src/stm32l0xx_hal_uart.o
HAL_DMA_DeInit                                    Drivers/STM32L0xx_HAL_Driver/Src/stm32l0xx_hal_dma.o
HAL_DMA_GetError                                  Drivers/STM32L0xx_HAL_Driver/Src/stm32l0xx_hal_dma.o
HAL_DMA_GetState                                  Drivers/STM32L0xx_HAL_Driver/Src/stm32l0xx_hal_dma.o
HAL_DMA_IRQHandler                                Drivers/STM32L0xx_HAL_Driver/Src/stm32l0xx_hal_dma.o
HAL_DMA_Init                                      Drivers/STM32L0xx_HAL_Driver/Src/stm32l0xx_hal_dma.o
HAL_DMA_PollForTransfer                           Drivers/STM32L0xx_HAL_Driver/Src/stm32l0xx_hal_dma.o
HAL_DMA_Start                                     Drivers/STM32L0xx_HAL_Driver/Src/stm32l0xx_hal_dma.o
HAL_DMA_Start_IT                                  Drivers/STM32L0xx_HAL_Driver/Src/stm32l0xx_hal_dma.o
                                                  Drivers/STM32L0xx_HAL_Driver/Src/stm32l0xx_hal_usart.o
                                                  Drivers/STM32L0xx_HAL_Driver/Src/stm32l0xx_hal_uart.o
                                                  Drivers/STM32L0xx_HAL_Driver/Src/stm32l0xx_hal_dac_ex.o
HAL_DeInit                                        Drivers/STM32L0xx_HAL_Driver/Src/stm32l0xx_hal.o
HAL_Delay                                         Drivers/STM32L0xx_HAL_Driver/Src/stm32l0xx_hal.o
                                                  src/main.o
HAL_GPIO_DeInit                                   Drivers/STM32L0xx_HAL_Driver/Src/stm32l0xx_hal_gpio.o
HAL_GPIO_EXTI_Callback                            Drivers/STM32L0xx_HAL_Driver/Src/stm32l0xx_hal_gpio.o
HAL_GPIO_EXTI_IRQHandler                          Drivers/STM32L0xx_HAL_Driver/Src/stm32l0xx_hal_gpio.o
HAL_GPIO_Init                                     Drivers/STM32L0xx_HAL_Driver/Src/stm32l0xx_hal_gpio.o
                                                  src/main.o
                                                  Drivers/STM32L0xx_HAL_Driver/Src/stm32l0xx_hal_rcc.o
                                                  Drivers/BSP/STM32L073Z_EVAL/stm32l073z_eval.o
HAL_GPIO_LockPin                                  Drivers/STM32L0xx_HAL_Driver/Src/stm32l0xx_hal_gpio.o
HAL_GPIO_ReadPin                                  Drivers/STM32L0xx_HAL_Driver/Src/stm32l0xx_hal_gpio.o
                                                  Drivers/BSP/STM32L073Z_EVAL/stm32l073z_eval.o
HAL_GPIO_TogglePin                                Drivers/STM32L0xx_HAL_Driver/Src/stm32l0xx_hal_gpio.o
                                                  Drivers/BSP/STM32L073Z_EVAL/stm32l073z_eval.o
HAL_GPIO_WritePin                                 Drivers/STM32L0xx_HAL_Driver/Src/stm32l0xx_hal_gpio.o
                                                  src/main.o
                                                  Drivers/BSP/STM32L073Z_EVAL/stm32l073z_eval.o
HAL_GetDEVID                                      Drivers/STM32L0xx_HAL_Driver/Src/stm32l0xx_hal.o
HAL_GetHalVersion                                 Drivers/STM32L0xx_HAL_Driver/Src/stm32l0xx_hal.o
HAL_GetREVID                                      Drivers/STM32L0xx_HAL_Driver/Src/stm32l0xx_hal.o
HAL_GetTick                                       Drivers/STM32L0xx_HAL_Driver/Src/stm32l0xx_hal.o
                                                  Drivers/STM32L0xx_HAL_Driver/Src/stm32l0xx_hal_usart.o
                                                  Drivers/STM32L0xx_HAL_Driver/Src/stm32l0xx_hal_uart_ex.o
                                                  Drivers/STM32L0xx_HAL_Driver/Src/stm32l0xx_hal_uart.o
                                                  Drivers/STM32L0xx_HAL_Driver/Src/stm32l0xx_hal_rcc_ex.o
                                                  Drivers/STM32L0xx_HAL_Driver/Src/stm32l0xx_hal_rcc.o
                                                  Drivers/STM32L0xx_HAL_Driver/Src/stm32l0xx_hal_dma.o
HAL_HalfDuplex_EnableReceiver                     Drivers/STM32L0xx_HAL_Driver/Src/stm32l0xx_hal_uart.o
HAL_HalfDuplex_EnableTransmitter                  Drivers/STM32L0xx_HAL_Driver/Src/stm32l0xx_hal_uart.o
HAL_HalfDuplex_Init                               Drivers/STM32L0xx_HAL_Driver/Src/stm32l0xx_hal_uart.o
HAL_IncTick                                       Drivers/STM32L0xx_HAL_Driver/Src/stm32l0xx_hal.o
                                                  src/stm32l0xx_it.o
HAL_Init                                          Drivers/STM32L0xx_HAL_Driver/Src/stm32l0xx_hal.o
                                                  src/main.o
HAL_InitTick                                      Drivers/STM32L0xx_HAL_Driver/Src/stm32l0xx_hal.o
                                                  Drivers/STM32L0xx_HAL_Driver/Src/stm32l0xx_hal_rcc.o
HAL_LIN_Init                                      Drivers/STM32L0xx_HAL_Driver/Src/stm32l0xx_hal_uart.o
HAL_LIN_SendBreak                                 Drivers/STM32L0xx_HAL_Driver/Src/stm32l0xx_hal_uart.o
HAL_MPU_ConfigRegion                              Drivers/STM32L0xx_HAL_Driver/Src/stm32l0xx_hal_cortex.o
HAL_MspDeInit                                     Drivers/STM32L0xx_HAL_Driver/Src/stm32l0xx_hal.o
HAL_MspInit                                       Drivers/STM32L0xx_HAL_Driver/Src/stm32l0xx_hal.o
HAL_MultiProcessorEx_AddressLength_Set            Drivers/STM32L0xx_HAL_Driver/Src/stm32l0xx_hal_uart_ex.o
HAL_MultiProcessor_DisableMuteMode                Drivers/STM32L0xx_HAL_Driver/Src/stm32l0xx_hal_uart.o
HAL_MultiProcessor_EnableMuteMode                 Drivers/STM32L0xx_HAL_Driver/Src/stm32l0xx_hal_uart.o
HAL_MultiProcessor_EnterMuteMode                  Drivers/STM32L0xx_HAL_Driver/Src/stm32l0xx_hal_uart.o
HAL_MultiProcessor_Init                           Drivers/STM32L0xx_HAL_Driver/Src/stm32l0xx_hal_uart.o
HAL_NVIC_ClearPendingIRQ                          Drivers/STM32L0xx_HAL_Driver/Src/stm32l0xx_hal_cortex.o
HAL_NVIC_DisableIRQ                               Drivers/STM32L0xx_HAL_Driver/Src/stm32l0xx_hal_cortex.o
HAL_NVIC_EnableIRQ                                Drivers/STM32L0xx_HAL_Driver/Src/stm32l0xx_hal_cortex.o
                                                  Drivers/BSP/STM32L073Z_EVAL/stm32l073z_eval.o
HAL_NVIC_GetPendingIRQ                            Drivers/STM32L0xx_HAL_Driver/Src/stm32l0xx_hal_cortex.o
HAL_NVIC_GetPriority                              Drivers/STM32L0xx_HAL_Driver/Src/stm32l0xx_hal_cortex.o
HAL_NVIC_SetPendingIRQ                            Drivers/STM32L0xx_HAL_Driver/Src/stm32l0xx_hal_cortex.o
HAL_NVIC_SetPriority                              Drivers/STM32L0xx_HAL_Driver/Src/stm32l0xx_hal_cortex.o
                                                  Drivers/STM32L0xx_HAL_Driver/Src/stm32l0xx_hal.o
                                                  Drivers/BSP/STM32L073Z_EVAL/stm32l073z_eval.o
HAL_NVIC_SystemReset                              Drivers/STM32L0xx_HAL_Driver/Src/stm32l0xx_hal_cortex.o
HAL_RCCEx_CRSConfig                               Drivers/STM32L0xx_HAL_Driver/Src/stm32l0xx_hal_rcc_ex.o
HAL_RCCEx_CRSGetSynchronizationInfo               Drivers/STM32L0xx_HAL_Driver/Src/stm32l0xx_hal_rcc_ex.o
HAL_RCCEx_CRSSoftwareSynchronizationGenerate      Drivers/STM32L0xx_HAL_Driver/Src/stm32l0xx_hal_rcc_ex.o
HAL_RCCEx_CRSWaitSynchronization                  Drivers/STM32L0xx_HAL_Driver/Src/stm32l0xx_hal_rcc_ex.o
HAL_RCCEx_CRS_ErrorCallback                       Drivers/STM32L0xx_HAL_Driver/Src/stm32l0xx_hal_rcc_ex.o
HAL_RCCEx_CRS_ExpectedSyncCallback                Drivers/STM32L0xx_HAL_Driver/Src/stm32l0xx_hal_rcc_ex.o
HAL_RCCEx_CRS_IRQHandler                          Drivers/STM32L0xx_HAL_Driver/Src/stm32l0xx_hal_rcc_ex.o
HAL_RCCEx_CRS_SyncOkCallback                      Drivers/STM32L0xx_HAL_Driver/Src/stm32l0xx_hal_rcc_ex.o
HAL_RCCEx_CRS_SyncWarnCallback                    Drivers/STM32L0xx_HAL_Driver/Src/stm32l0xx_hal_rcc_ex.o
HAL_RCCEx_DisableHSI48_VREFINT                    Drivers/STM32L0xx_HAL_Driver/Src/stm32l0xx_hal_rcc_ex.o
HAL_RCCEx_DisableLSECSS                           Drivers/STM32L0xx_HAL_Driver/Src/stm32l0xx_hal_rcc_ex.o
HAL_RCCEx_EnableHSI48_VREFINT                     Drivers/STM32L0xx_HAL_Driver/Src/stm32l0xx_hal_rcc_ex.o
HAL_RCCEx_EnableLSECSS                            Drivers/STM32L0xx_HAL_Driver/Src/stm32l0xx_hal_rcc_ex.o
HAL_RCCEx_EnableLSECSS_IT                         Drivers/STM32L0xx_HAL_Driver/Src/stm32l0xx_hal_rcc_ex.o
HAL_RCCEx_GetPeriphCLKConfig                      Drivers/STM32L0xx_HAL_Driver/Src/stm32l0xx_hal_rcc_ex.o
HAL_RCCEx_GetPeriphCLKFreq                        Drivers/STM32L0xx_HAL_Driver/Src/stm32l0xx_hal_rcc_ex.o
                                                  Drivers/STM32L0xx_HAL_Driver/Src/stm32l0xx_hal_uart.o
HAL_RCCEx_LSECSS_Callback                         Drivers/STM32L0xx_HAL_Driver/Src/stm32l0xx_hal_rcc_ex.o
HAL_RCCEx_LSECSS_IRQHandler                       Drivers/STM32L0xx_HAL_Driver/Src/stm32l0xx_hal_rcc_ex.o
HAL_RCCEx_PeriphCLKConfig                         Drivers/STM32L0xx_HAL_Driver/Src/stm32l0xx_hal_rcc_ex.o
HAL_RCC_CSSCallback                               Drivers/STM32L0xx_HAL_Driver/Src/stm32l0xx_hal_rcc.o
HAL_RCC_ClockConfig                               Drivers/STM32L0xx_HAL_Driver/Src/stm32l0xx_hal_rcc.o
                                                  src/main.o
HAL_RCC_DeInit                                    Drivers/STM32L0xx_HAL_Driver/Src/stm32l0xx_hal_rcc.o
HAL_RCC_EnableCSS                                 Drivers/STM32L0xx_HAL_Driver/Src/stm32l0xx_hal_rcc.o
HAL_RCC_GetClockConfig                            Drivers/STM32L0xx_HAL_Driver/Src/stm32l0xx_hal_rcc.o
HAL_RCC_GetHCLKFreq                               Drivers/STM32L0xx_HAL_Driver/Src/stm32l0xx_hal_rcc.o
HAL_RCC_GetOscConfig                              Drivers/STM32L0xx_HAL_Driver/Src/stm32l0xx_hal_rcc.o
HAL_RCC_GetPCLK1Freq                              Drivers/STM32L0xx_HAL_Driver/Src/stm32l0xx_hal_rcc.o
                                                  Drivers/STM32L0xx_HAL_Driver/Src/stm32l0xx_hal_usart.o
                                                  Drivers/STM32L0xx_HAL_Driver/Src/stm32l0xx_hal_uart.o
                                                  Drivers/STM32L0xx_HAL_Driver/Src/stm32l0xx_hal_rcc_ex.o
HAL_RCC_GetPCLK2Freq                              Drivers/STM32L0xx_HAL_Driver/Src/stm32l0xx_hal_rcc.o
                                                  Drivers/STM32L0xx_HAL_Driver/Src/stm32l0xx_hal_usart.o
                                                  Drivers/STM32L0xx_HAL_Driver/Src/stm32l0xx_hal_uart.o
                                                  Drivers/STM32L0xx_HAL_Driver/Src/stm32l0xx_hal_rcc_ex.o
HAL_RCC_GetSysClockFreq                           Drivers/STM32L0xx_HAL_Driver/Src/stm32l0xx_hal_rcc.o
                                                  Drivers/STM32L0xx_HAL_Driver/Src/stm32l0xx_hal_usart.o
                                                  Drivers/STM32L0xx_HAL_Driver/Src/stm32l0xx_hal_uart.o
                                                  Drivers/STM32L0xx_HAL_Driver/Src/stm32l0xx_hal_rcc_ex.o
HAL_RCC_MCOConfig                                 Drivers/STM32L0xx_HAL_Driver/Src/stm32l0xx_hal_rcc.o
HAL_RCC_NMI_IRQHandler                            Drivers/STM32L0xx_HAL_Driver/Src/stm32l0xx_hal_rcc.o
HAL_RCC_OscConfig                                 Drivers/STM32L0xx_HAL_Driver/Src/stm32l0xx_hal_rcc.o
                                                  src/main.o
HAL_RS485Ex_Init                                  Drivers/STM32L0xx_HAL_Driver/Src/stm32l0xx_hal_uart_ex.o
HAL_ResumeTick                                    Drivers/STM32L0xx_HAL_Driver/Src/stm32l0xx_hal.o
HAL_SYSCFG_Disable_Lock_VREFINT                   Drivers/STM32L0xx_HAL_Driver/Src/stm32l0xx_hal.o
HAL_SYSCFG_Enable_Lock_VREFINT                    Drivers/STM32L0xx_HAL_Driver/Src/stm32l0xx_hal.o
HAL_SYSCFG_GetBootMode                            Drivers/STM32L0xx_HAL_Driver/Src/stm32l0xx_hal.o
HAL_SYSCFG_VREFINT_OutputSelect                   Drivers/STM32L0xx_HAL_Driver/Src/stm32l0xx_hal.o
HAL_SYSTICK_CLKSourceConfig                       Drivers/STM32L0xx_HAL_Driver/Src/stm32l0xx_hal_cortex.o
HAL_SYSTICK_Callback                              Drivers/STM32L0xx_HAL_Driver/Src/stm32l0xx_hal_cortex.o
HAL_SYSTICK_Config                                Drivers/STM32L0xx_HAL_Driver/Src/stm32l0xx_hal_cortex.o
                                                  Drivers/STM32L0xx_HAL_Driver/Src/stm32l0xx_hal.o
HAL_SYSTICK_IRQHandler                            Drivers/STM32L0xx_HAL_Driver/Src/stm32l0xx_hal_cortex.o
HAL_SuspendTick                                   Drivers/STM32L0xx_HAL_Driver/Src/stm32l0xx_hal.o
HAL_UARTEx_DisableClockStopMode                   Drivers/STM32L0xx_HAL_Driver/Src/stm32l0xx_hal_uart_ex.o
HAL_UARTEx_DisableStopMode                        Drivers/STM32L0xx_HAL_Driver/Src/stm32l0xx_hal_uart_ex.o
HAL_UARTEx_EnableClockStopMode                    Drivers/STM32L0xx_HAL_Driver/Src/stm32l0xx_hal_uart_ex.o
HAL_UARTEx_EnableStopMode                         Drivers/STM32L0xx_HAL_Driver/Src/stm32l0xx_hal_uart_ex.o
HAL_UARTEx_StopModeWakeUpSourceConfig             Drivers/STM32L0xx_HAL_Driver/Src/stm32l0xx_hal_uart_ex.o
HAL_UARTEx_WakeupCallback                         Drivers/STM32L0xx_HAL_Driver/Src/stm32l0xx_hal_uart_ex.o
                                                  Drivers/STM32L0xx_HAL_Driver/Src/stm32l0xx_hal_uart.o
HAL_UART_Abort                                    Drivers/STM32L0xx_HAL_Driver/Src/stm32l0xx_hal_uart.o
HAL_UART_AbortCpltCallback                        Drivers/STM32L0xx_HAL_Driver/Src/stm32l0xx_hal_uart.o
HAL_UART_AbortReceive                             Drivers/STM32L0xx_HAL_Driver/Src/stm32l0xx_hal_uart.o
HAL_UART_AbortReceiveCpltCallback                 Drivers/STM32L0xx_HAL_Driver/Src/stm32l0xx_hal_uart.o
HAL_UART_AbortReceive_IT                          Drivers/STM32L0xx_HAL_Driver/Src/stm32l0xx_hal_uart.o
HAL_UART_AbortTransmit                            Drivers/STM32L0xx_HAL_Driver/Src/stm32l0xx_hal_uart.o
HAL_UART_AbortTransmitCpltCallback                Drivers/STM32L0xx_HAL_Driver/Src/stm32l0xx_hal_uart.o
HAL_UART_AbortTransmit_IT                         Drivers/STM32L0xx_HAL_Driver/Src/stm32l0xx_hal_uart.o
HAL_UART_Abort_IT                                 Drivers/STM32L0xx_HAL_Driver/Src/stm32l0xx_hal_uart.o
HAL_UART_DMAPause                                 Drivers/STM32L0xx_HAL_Driver/Src/stm32l0xx_hal_uart.o
HAL_UART_DMAResume                                Drivers/STM32L0xx_HAL_Driver/Src/stm32l0xx_hal_uart.o
HAL_UART_DMAStop                                  Drivers/STM32L0xx_HAL_Driver/Src/stm32l0xx_hal_uart.o
HAL_UART_DeInit                                   Drivers/STM32L0xx_HAL_Driver/Src/stm32l0xx_hal_uart.o
                                                  src/main.o
HAL_UART_ErrorCallback                            Drivers/STM32L0xx_HAL_Driver/Src/stm32l0xx_hal_uart.o
HAL_UART_GetError                                 Drivers/STM32L0xx_HAL_Driver/Src/stm32l0xx_hal_uart.o
HAL_UART_GetState                                 Drivers/STM32L0xx_HAL_Driver/Src/stm32l0xx_hal_uart.o
HAL_UART_IRQHandler                               Drivers/STM32L0xx_HAL_Driver/Src/stm32l0xx_hal_uart.o
HAL_UART_Init                                     Drivers/STM32L0xx_HAL_Driver/Src/stm32l0xx_hal_uart.o
                                                  src/main.o
                                                  Drivers/BSP/STM32L073Z_EVAL/stm32l073z_eval.o
HAL_UART_MspDeInit                                Drivers/STM32L0xx_HAL_Driver/Src/stm32l0xx_hal_uart.o
HAL_UART_MspInit                                  src/main.o
                                                  Drivers/STM32L0xx_HAL_Driver/Src/stm32l0xx_hal_uart.o
                                                  Drivers/STM32L0xx_HAL_Driver/Src/stm32l0xx_hal_uart_ex.o
HAL_UART_Receive                                  Drivers/STM32L0xx_HAL_Driver/Src/stm32l0xx_hal_uart.o
                                                  src/main.o
HAL_UART_Receive_DMA                              Drivers/STM32L0xx_HAL_Driver/Src/stm32l0xx_hal_uart.o
HAL_UART_Receive_IT                               Drivers/STM32L0xx_HAL_Driver/Src/stm32l0xx_hal_uart.o
HAL_UART_RxCpltCallback                           Drivers/STM32L0xx_HAL_Driver/Src/stm32l0xx_hal_uart.o
HAL_UART_RxHalfCpltCallback                       Drivers/STM32L0xx_HAL_Driver/Src/stm32l0xx_hal_uart.o
HAL_UART_Transmit                                 Drivers/STM32L0xx_HAL_Driver/Src/stm32l0xx_hal_uart.o
                                                  src/main.o
HAL_UART_Transmit_DMA                             Drivers/STM32L0xx_HAL_Driver/Src/stm32l0xx_hal_uart.o
HAL_UART_Transmit_IT                              Drivers/STM32L0xx_HAL_Driver/Src/stm32l0xx_hal_uart.o
HAL_UART_TxCpltCallback                           Drivers/STM32L0xx_HAL_Driver/Src/stm32l0xx_hal_uart.o
HAL_UART_TxHalfCpltCallback                       Drivers/STM32L0xx_HAL_Driver/Src/stm32l0xx_hal_uart.o
HAL_USART_Abort                                   Drivers/STM32L0xx_HAL_Driver/Src/stm32l0xx_hal_usart.o
HAL_USART_AbortCpltCallback                       Drivers/STM32L0xx_HAL_Driver/Src/stm32l0xx_hal_usart.o
HAL_USART_Abort_IT                                Drivers/STM32L0xx_HAL_Driver/Src/stm32l0xx_hal_usart.o
HAL_USART_DMAPause                                Drivers/STM32L0xx_HAL_Driver/Src/stm32l0xx_hal_usart.o
HAL_USART_DMAResume                               Drivers/STM32L0xx_HAL_Driver/Src/stm32l0xx_hal_usart.o
HAL_USART_DMAStop                                 Drivers/STM32L0xx_HAL_Driver/Src/stm32l0xx_hal_usart.o
HAL_USART_DeInit                                  Drivers/STM32L0xx_HAL_Driver/Src/stm32l0xx_hal_usart.o
HAL_USART_ErrorCallback                           Drivers/STM32L0xx_HAL_Driver/Src/stm32l0xx_hal_usart.o
HAL_USART_GetError                                Drivers/STM32L0xx_HAL_Driver/Src/stm32l0xx_hal_usart.o
HAL_USART_GetState                                Drivers/STM32L0xx_HAL_Driver/Src/stm32l0xx_hal_usart.o
HAL_USART_IRQHandler                              Drivers/STM32L0xx_HAL_Driver/Src/stm32l0xx_hal_usart.o
HAL_USART_Init                                    Drivers/STM32L0xx_HAL_Driver/Src/stm32l0xx_hal_usart.o
HAL_USART_MspDeInit                               Drivers/STM32L0xx_HAL_Driver/Src/stm32l0xx_hal_usart.o
HAL_USART_MspInit                                 Drivers/STM32L0xx_HAL_Driver/Src/stm32l0xx_hal_usart.o
HAL_USART_Receive                                 Drivers/STM32L0xx_HAL_Driver/Src/stm32l0xx_hal_usart.o
HAL_USART_Receive_DMA                             Drivers/STM32L0xx_HAL_Driver/Src/stm32l0xx_hal_usart.o
HAL_USART_Receive_IT                              Drivers/STM32L0xx_HAL_Driver/Src/stm32l0xx_hal_usart.o
HAL_USART_RxCpltCallback                          Drivers/STM32L0xx_HAL_Driver/Src/stm32l0xx_hal_usart.o
HAL_USART_RxHalfCpltCallback                      Drivers/STM32L0xx_HAL_Driver/Src/stm32l0xx_hal_usart.o
HAL_USART_Transmit                                Drivers/STM32L0xx_HAL_Driver/Src/stm32l0xx_hal_usart.o
HAL_USART_TransmitReceive                         Drivers/STM32L0xx_HAL_Driver/Src/stm32l0xx_hal_usart.o
HAL_USART_TransmitReceive_DMA                     Drivers/STM32L0xx_HAL_Driver/Src/stm32l0xx_hal_usart.o
HAL_USART_TransmitReceive_IT                      Drivers/STM32L0xx_HAL_Driver/Src/stm32l0xx_hal_usart.o
HAL_USART_Transmit_DMA                            Drivers/STM32L0xx_HAL_Driver/Src/stm32l0xx_hal_usart.o
HAL_USART_Transmit_IT                             Drivers/STM32L0xx_HAL_Driver/Src/stm32l0xx_hal_usart.o
HAL_USART_TxCpltCallback                          Drivers/STM32L0xx_HAL_Driver/Src/stm32l0xx_hal_usart.o
HAL_USART_TxHalfCpltCallback                      Drivers/STM32L0xx_HAL_Driver/Src/stm32l0xx_hal_usart.o
HAL_USART_TxRxCpltCallback                        Drivers/STM32L0xx_HAL_Driver/Src/stm32l0xx_hal_usart.o
HardFault_Handler                                 src/stm32l0xx_it.o
                                                  src/startup_stm32l073xx.o
I2C1_IRQHandler                                   src/startup_stm32l073xx.o
I2C2_IRQHandler                                   src/startup_stm32l073xx.o
I2C3_IRQHandler                                   src/startup_stm32l073xx.o
LCD_IRQHandler                                    src/startup_stm32l073xx.o
LED_PIN                                           Drivers/BSP/STM32L073Z_EVAL/stm32l073z_eval.o
LED_PORT                                          Drivers/BSP/STM32L073Z_EVAL/stm32l073z_eval.o
LPTIM1_IRQHandler                                 src/startup_stm32l073xx.o
MFX_IO_DeInit                                     Drivers/BSP/Components/mfxstm32l152/mfxstm32l152.o
MFX_IO_Delay                                      Drivers/BSP/Components/mfxstm32l152/mfxstm32l152.o
MFX_IO_EnableWakeupPin                            Drivers/BSP/Components/mfxstm32l152/mfxstm32l152.o
MFX_IO_ITConfig                                   Drivers/BSP/Components/mfxstm32l152/mfxstm32l152.o
MFX_IO_Init                                       Drivers/BSP/Components/mfxstm32l152/mfxstm32l152.o
MFX_IO_Read                                       Drivers/BSP/Components/mfxstm32l152/mfxstm32l152.o
MFX_IO_ReadMultiple                               Drivers/BSP/Components/mfxstm32l152/mfxstm32l152.o
MFX_IO_Wakeup                                     Drivers/BSP/Components/mfxstm32l152/mfxstm32l152.o
MFX_IO_Write                                      Drivers/BSP/Components/mfxstm32l152/mfxstm32l152.o
MemManage_Handler                                 src/stm32l0xx_it.o
NMI_Handler                                       src/stm32l0xx_it.o
                                                  src/startup_stm32l073xx.o
PLLMulTable                                       src/system_stm32l0xx.o
                                                  Drivers/STM32L0xx_HAL_Driver/Src/stm32l0xx_hal_rcc_ex.o
                                                  Drivers/STM32L0xx_HAL_Driver/Src/stm32l0xx_hal_rcc.o
PVD_IRQHandler                                    src/startup_stm32l073xx.o
PWM_Init                                          src/main.o
PendSV_Handler                                    src/stm32l0xx_it.o
                                                  src/startup_stm32l073xx.o
RCC_CRS_IRQHandler                                src/startup_stm32l073xx.o
RNG_LPUART1_IRQHandler                            src/startup_stm32l073xx.o
RTC_IRQHandler                                    src/startup_stm32l073xx.o
Reset_Handler                                     src/startup_stm32l073xx.o
SPI1_IRQHandler                                   src/startup_stm32l073xx.o
SPI2_IRQHandler                                   src/startup_stm32l073xx.o
SVC_Handler                                       src/stm32l0xx_it.o
                                                  src/startup_stm32l073xx.o
SysTick_Handler                                   src/stm32l0xx_it.o
                                                  src/startup_stm32l073xx.o
SystemClock_Config                                src/main.o
SystemCoreClock                                   src/system_stm32l0xx.o
                                                  Drivers/STM32L0xx_HAL_Driver/Src/stm32l0xx_hal_rcc.o
                                                  Drivers/STM32L0xx_HAL_Driver/Src/stm32l0xx_hal.o
SystemCoreClockUpdate                             src/system_stm32l0xx.o
SystemInit                                        src/system_stm32l0xx.o
                                                  src/startup_stm32l073xx.o
TIM21_IRQHandler                                  src/startup_stm32l073xx.o
TIM22_IRQHandler                                  src/startup_stm32l073xx.o
TIM2_IRQHandler                                   src/startup_stm32l073xx.o
TIM3_IRQHandler                                   src/startup_stm32l073xx.o
TIM6_DAC_IRQHandler                               src/startup_stm32l073xx.o
TIM7_IRQHandler                                   src/startup_stm32l073xx.o
TSC_IRQHandler                                    src/startup_stm32l073xx.o
UART_AdvFeatureConfig                             Drivers/STM32L0xx_HAL_Driver/Src/stm32l0xx_hal_uart.o
                                                  Drivers/STM32L0xx_HAL_Driver/Src/stm32l0xx_hal_uart_ex.o
UART_CheckIdleState                               Drivers/STM32L0xx_HAL_Driver/Src/stm32l0xx_hal_uart.o
                                                  Drivers/STM32L0xx_HAL_Driver/Src/stm32l0xx_hal_uart_ex.o
UART_SetConfig                                    Drivers/STM32L0xx_HAL_Driver/Src/stm32l0xx_hal_uart.o
                                                  Drivers/STM32L0xx_HAL_Driver/Src/stm32l0xx_hal_uart_ex.o
UART_WaitOnFlagUntilTimeout                       Drivers/STM32L0xx_HAL_Driver/Src/stm32l0xx_hal_uart.o
                                                  Drivers/STM32L0xx_HAL_Driver/Src/stm32l0xx_hal_uart_ex.o
USART1_IRQHandler                                 src/startup_stm32l073xx.o
USART2_IRQHandler                                 src/startup_stm32l073xx.o
USART2_Init                                       src/main.o
USART4_5_IRQHandler                               src/startup_stm32l073xx.o
USB_IRQHandler                                    src/startup_stm32l073xx.o
UsageFault_Handler                                src/stm32l0xx_it.o
WWDG_IRQHandler                                   src/startup_stm32l073xx.o
__aeabi_idiv                                      /opt/Atollic_TrueSTUDIO_for_STM32_x86_64_9.1.0/ARMTools/bin/../lib/gcc/arm-atollic-eabi/6.3.1/armv6-m/libgcc.a(_divsi3.o)
                                                  src/tiny_printf.o
__aeabi_idiv0                                     /opt/Atollic_TrueSTUDIO_for_STM32_x86_64_9.1.0/ARMTools/bin/../lib/gcc/arm-atollic-eabi/6.3.1/armv6-m/libgcc.a(_dvmd_tls.o)
                                                  /opt/Atollic_TrueSTUDIO_for_STM32_x86_64_9.1.0/ARMTools/bin/../lib/gcc/arm-atollic-eabi/6.3.1/armv6-m/libgcc.a(_divsi3.o)
                                                  /opt/Atollic_TrueSTUDIO_for_STM32_x86_64_9.1.0/ARMTools/bin/../lib/gcc/arm-atollic-eabi/6.3.1/armv6-m/libgcc.a(_udivsi3.o)
__aeabi_idivmod                                   /opt/Atollic_TrueSTUDIO_for_STM32_x86_64_9.1.0/ARMTools/bin/../lib/gcc/arm-atollic-eabi/6.3.1/armv6-m/libgcc.a(_divsi3.o)
__aeabi_ldiv0                                     /opt/Atollic_TrueSTUDIO_for_STM32_x86_64_9.1.0/ARMTools/bin/../lib/gcc/arm-atollic-eabi/6.3.1/armv6-m/libgcc.a(_dvmd_tls.o)
                                                  /opt/Atollic_TrueSTUDIO_for_STM32_x86_64_9.1.0/ARMTools/bin/../lib/gcc/arm-atollic-eabi/6.3.1/armv6-m/libgcc.a(_aeabi_uldivmod.o)
__aeabi_uidiv                                     /opt/Atollic_TrueSTUDIO_for_STM32_x86_64_9.1.0/ARMTools/bin/../lib/gcc/arm-atollic-eabi/6.3.1/armv6-m/libgcc.a(_udivsi3.o)
                                                  src/tiny_printf.o
                                                  src/system_stm32l0xx.o
                                                  Drivers/STM32L0xx_HAL_Driver/Src/stm32l0xx_hal_usart.o
                                                  Drivers/STM32L0xx_HAL_Driver/Src/stm32l0xx_hal_uart.o
                                                  Drivers/STM32L0xx_HAL_Driver/Src/stm32l0xx_hal_rcc_ex.o
                                                  Drivers/STM32L0xx_HAL_Driver/Src/stm32l0xx_hal_rcc.o
                                                  Drivers/STM32L0xx_HAL_Driver/Src/stm32l0xx_hal.o
__aeabi_uidivmod                                  /opt/Atollic_TrueSTUDIO_for_STM32_x86_64_9.1.0/ARMTools/bin/../lib/gcc/arm-atollic-eabi/6.3.1/armv6-m/libgcc.a(_udivsi3.o)
                                                  src/tiny_printf.o
__aeabi_uldivmod                                  /opt/Atollic_TrueSTUDIO_for_STM32_x86_64_9.1.0/ARMTools/bin/../lib/gcc/arm-atollic-eabi/6.3.1/armv6-m/libgcc.a(_aeabi_uldivmod.o)
                                                  Drivers/STM32L0xx_HAL_Driver/Src/stm32l0xx_hal_uart.o
__clzdi2                                          /opt/Atollic_TrueSTUDIO_for_STM32_x86_64_9.1.0/ARMTools/bin/../lib/gcc/arm-atollic-eabi/6.3.1/armv6-m/libgcc.a(_clzdi2.o)
                                                  /opt/Atollic_TrueSTUDIO_for_STM32_x86_64_9.1.0/ARMTools/bin/../lib/gcc/arm-atollic-eabi/6.3.1/armv6-m/libgcc.a(_udivmoddi4.o)
__clzsi2                                          /opt/Atollic_TrueSTUDIO_for_STM32_x86_64_9.1.0/ARMTools/bin/../lib/gcc/arm-atollic-eabi/6.3.1/armv6-m/libgcc.a(_clzsi2.o)
                                                  /opt/Atollic_TrueSTUDIO_for_STM32_x86_64_9.1.0/ARMTools/bin/../lib/gcc/arm-atollic-eabi/6.3.1/armv6-m/libgcc.a(_clzdi2.o)
__deregister_frame_info                           /opt/Atollic_TrueSTUDIO_for_STM32_x86_64_9.1.0/ARMTools/bin/../lib/gcc/arm-atollic-eabi/6.3.1/armv6-m/crtbegin.o
__divsi3                                          /opt/Atollic_TrueSTUDIO_for_STM32_x86_64_9.1.0/ARMTools/bin/../lib/gcc/arm-atollic-eabi/6.3.1/armv6-m/libgcc.a(_divsi3.o)
__dso_handle                                      /opt/Atollic_TrueSTUDIO_for_STM32_x86_64_9.1.0/ARMTools/bin/../lib/gcc/arm-atollic-eabi/6.3.1/armv6-m/crtbegin.o
__init_array_end                                  /opt/Atollic_TrueSTUDIO_for_STM32_x86_64_9.1.0/ARMTools/bin/../lib/gcc/arm-atollic-eabi/6.3.1/../../../../arm-atollic-eabi/lib/armv6-m/libc_nano.a(lib_a-init.o)
__init_array_start                                /opt/Atollic_TrueSTUDIO_for_STM32_x86_64_9.1.0/ARMTools/bin/../lib/gcc/arm-atollic-eabi/6.3.1/../../../../arm-atollic-eabi/lib/armv6-m/libc_nano.a(lib_a-init.o)
__libc_init_array                                 /opt/Atollic_TrueSTUDIO_for_STM32_x86_64_9.1.0/ARMTools/bin/../lib/gcc/arm-atollic-eabi/6.3.1/../../../../arm-atollic-eabi/lib/armv6-m/libc_nano.a(lib_a-init.o)
                                                  src/startup_stm32l073xx.o
__preinit_array_end                               /opt/Atollic_TrueSTUDIO_for_STM32_x86_64_9.1.0/ARMTools/bin/../lib/gcc/arm-atollic-eabi/6.3.1/../../../../arm-atollic-eabi/lib/armv6-m/libc_nano.a(lib_a-init.o)
__preinit_array_start                             /opt/Atollic_TrueSTUDIO_for_STM32_x86_64_9.1.0/ARMTools/bin/../lib/gcc/arm-atollic-eabi/6.3.1/../../../../arm-atollic-eabi/lib/armv6-m/libc_nano.a(lib_a-init.o)
__register_frame_info                             /opt/Atollic_TrueSTUDIO_for_STM32_x86_64_9.1.0/ARMTools/bin/../lib/gcc/arm-atollic-eabi/6.3.1/armv6-m/crtbegin.o
__udivmoddi4                                      /opt/Atollic_TrueSTUDIO_for_STM32_x86_64_9.1.0/ARMTools/bin/../lib/gcc/arm-atollic-eabi/6.3.1/armv6-m/libgcc.a(_udivmoddi4.o)
                                                  /opt/Atollic_TrueSTUDIO_for_STM32_x86_64_9.1.0/ARMTools/bin/../lib/gcc/arm-atollic-eabi/6.3.1/armv6-m/libgcc.a(_aeabi_uldivmod.o)
__udivsi3                                         /opt/Atollic_TrueSTUDIO_for_STM32_x86_64_9.1.0/ARMTools/bin/../lib/gcc/arm-atollic-eabi/6.3.1/armv6-m/libgcc.a(_udivsi3.o)
_ebss                                             src/startup_stm32l073xx.o
_edata                                            src/startup_stm32l073xx.o
_estack                                           src/startup_stm32l073xx.o
_fini                                             /opt/Atollic_TrueSTUDIO_for_STM32_x86_64_9.1.0/ARMTools/bin/../lib/gcc/arm-atollic-eabi/6.3.1/armv6-m/crti.o
_init                                             /opt/Atollic_TrueSTUDIO_for_STM32_x86_64_9.1.0/ARMTools/bin/../lib/gcc/arm-atollic-eabi/6.3.1/armv6-m/crti.o
                                                  /opt/Atollic_TrueSTUDIO_for_STM32_x86_64_9.1.0/ARMTools/bin/../lib/gcc/arm-atollic-eabi/6.3.1/../../../../arm-atollic-eabi/lib/armv6-m/libc_nano.a(lib_a-init.o)
_sbss                                             src/startup_stm32l073xx.o
_sdata                                            src/startup_stm32l073xx.o
_sidata                                           src/startup_stm32l073xx.o
_write                                            src/main.o
                                                  src/tiny_printf.o
fiprintf                                          src/tiny_printf.o
fprintf                                           src/tiny_printf.o
fputs                                             src/tiny_printf.o
fwrite                                            src/tiny_printf.o
g_pfnVectors                                      src/startup_stm32l073xx.o
hdac                                              src/main.o
huart                                             src/main.o
iprintf                                           src/tiny_printf.o
main                                              src/main.o
                                                  src/startup_stm32l073xx.o
memset                                            /opt/Atollic_TrueSTUDIO_for_STM32_x86_64_9.1.0/ARMTools/bin/../lib/gcc/arm-atollic-eabi/6.3.1/../../../../arm-atollic-eabi/lib/armv6-m/libc_nano.a(lib_a-memset.o)
                                                  src/main.o
                                                  Drivers/STM32L0xx_HAL_Driver/Src/stm32l0xx_hal_rcc.o
mfxstm32l152                                      Drivers/BSP/Components/mfxstm32l152/mfxstm32l152.o
mfxstm32l152_ClearGlobalIT                        Drivers/BSP/Components/mfxstm32l152/mfxstm32l152.o
mfxstm32l152_DeInit                               Drivers/BSP/Components/mfxstm32l152/mfxstm32l152.o
mfxstm32l152_DisableITSource                      Drivers/BSP/Components/mfxstm32l152/mfxstm32l152.o
mfxstm32l152_EnableITSource                       Drivers/BSP/Components/mfxstm32l152/mfxstm32l152.o
mfxstm32l152_Error_ClearIT                        Drivers/BSP/Components/mfxstm32l152/mfxstm32l152.o
mfxstm32l152_Error_DisableIT                      Drivers/BSP/Components/mfxstm32l152/mfxstm32l152.o
mfxstm32l152_Error_EnableIT                       Drivers/BSP/Components/mfxstm32l152/mfxstm32l152.o
mfxstm32l152_Error_GetITStatus                    Drivers/BSP/Components/mfxstm32l152/mfxstm32l152.o
mfxstm32l152_Error_ReadMsg                        Drivers/BSP/Components/mfxstm32l152/mfxstm32l152.o
mfxstm32l152_Error_ReadSrc                        Drivers/BSP/Components/mfxstm32l152/mfxstm32l152.o
mfxstm32l152_GlobalITStatus                       Drivers/BSP/Components/mfxstm32l152/mfxstm32l152.o
mfxstm32l152_IDD_ClearIT                          Drivers/BSP/Components/mfxstm32l152/mfxstm32l152.o
mfxstm32l152_IDD_Config                           Drivers/BSP/Components/mfxstm32l152/mfxstm32l152.o
mfxstm32l152_IDD_ConfigShuntNbLimit               Drivers/BSP/Components/mfxstm32l152/mfxstm32l152.o
mfxstm32l152_IDD_DisableIT                        Drivers/BSP/Components/mfxstm32l152/mfxstm32l152.o
mfxstm32l152_IDD_EnableIT                         Drivers/BSP/Components/mfxstm32l152/mfxstm32l152.o
mfxstm32l152_IDD_GetITStatus                      Drivers/BSP/Components/mfxstm32l152/mfxstm32l152.o
mfxstm32l152_IDD_GetShuntUsed                     Drivers/BSP/Components/mfxstm32l152/mfxstm32l152.o
mfxstm32l152_IDD_GetValue                         Drivers/BSP/Components/mfxstm32l152/mfxstm32l152.o
mfxstm32l152_IDD_Start                            Drivers/BSP/Components/mfxstm32l152/mfxstm32l152.o
mfxstm32l152_IO_ClearIT                           Drivers/BSP/Components/mfxstm32l152/mfxstm32l152.o
mfxstm32l152_IO_Config                            Drivers/BSP/Components/mfxstm32l152/mfxstm32l152.o
mfxstm32l152_IO_DisableAF                         Drivers/BSP/Components/mfxstm32l152/mfxstm32l152.o
mfxstm32l152_IO_DisableIT                         Drivers/BSP/Components/mfxstm32l152/mfxstm32l152.o
mfxstm32l152_IO_DisablePinIT                      Drivers/BSP/Components/mfxstm32l152/mfxstm32l152.o
mfxstm32l152_IO_EnableAF                          Drivers/BSP/Components/mfxstm32l152/mfxstm32l152.o
mfxstm32l152_IO_EnableIT                          Drivers/BSP/Components/mfxstm32l152/mfxstm32l152.o
mfxstm32l152_IO_EnablePinIT                       Drivers/BSP/Components/mfxstm32l152/mfxstm32l152.o
mfxstm32l152_IO_ITStatus                          Drivers/BSP/Components/mfxstm32l152/mfxstm32l152.o
mfxstm32l152_IO_InitPin                           Drivers/BSP/Components/mfxstm32l152/mfxstm32l152.o
mfxstm32l152_IO_ReadPin                           Drivers/BSP/Components/mfxstm32l152/mfxstm32l152.o
mfxstm32l152_IO_SetIrqEvtMode                     Drivers/BSP/Components/mfxstm32l152/mfxstm32l152.o
mfxstm32l152_IO_SetIrqTypeMode                    Drivers/BSP/Components/mfxstm32l152/mfxstm32l152.o
mfxstm32l152_IO_Start                             Drivers/BSP/Components/mfxstm32l152/mfxstm32l152.o
mfxstm32l152_IO_WritePin                          Drivers/BSP/Components/mfxstm32l152/mfxstm32l152.o
mfxstm32l152_Init                                 Drivers/BSP/Components/mfxstm32l152/mfxstm32l152.o
mfxstm32l152_LowPower                             Drivers/BSP/Components/mfxstm32l152/mfxstm32l152.o
mfxstm32l152_ReadFwVersion                        Drivers/BSP/Components/mfxstm32l152/mfxstm32l152.o
mfxstm32l152_ReadID                               Drivers/BSP/Components/mfxstm32l152/mfxstm32l152.o
mfxstm32l152_ReadReg                              Drivers/BSP/Components/mfxstm32l152/mfxstm32l152.o
mfxstm32l152_Reset                                Drivers/BSP/Components/mfxstm32l152/mfxstm32l152.o
mfxstm32l152_SetIrqOutPinPolarity                 Drivers/BSP/Components/mfxstm32l152/mfxstm32l152.o
mfxstm32l152_SetIrqOutPinType                     Drivers/BSP/Components/mfxstm32l152/mfxstm32l152.o
mfxstm32l152_TS_ClearIT                           Drivers/BSP/Components/mfxstm32l152/mfxstm32l152.o
mfxstm32l152_TS_DetectTouch                       Drivers/BSP/Components/mfxstm32l152/mfxstm32l152.o
mfxstm32l152_TS_DisableIT                         Drivers/BSP/Components/mfxstm32l152/mfxstm32l152.o
mfxstm32l152_TS_EnableIT                          Drivers/BSP/Components/mfxstm32l152/mfxstm32l152.o
mfxstm32l152_TS_GetXY                             Drivers/BSP/Components/mfxstm32l152/mfxstm32l152.o
mfxstm32l152_TS_ITStatus                          Drivers/BSP/Components/mfxstm32l152/mfxstm32l152.o
mfxstm32l152_TS_Start                             Drivers/BSP/Components/mfxstm32l152/mfxstm32l152.o
mfxstm32l152_WakeUp                               Drivers/BSP/Components/mfxstm32l152/mfxstm32l152.o
mfxstm32l152_WriteReg                             Drivers/BSP/Components/mfxstm32l152/mfxstm32l152.o
mfxstm32l152_idd_drv                              Drivers/BSP/Components/mfxstm32l152/mfxstm32l152.o
mfxstm32l152_io_drv                               Drivers/BSP/Components/mfxstm32l152/mfxstm32l152.o
                                                  Drivers/BSP/STM32L073Z_EVAL/stm32l073z_eval_io.o
mfxstm32l152_ts_drv                               Drivers/BSP/Components/mfxstm32l152/mfxstm32l152.o
printf                                            src/tiny_printf.o
                                                  src/main.o
puts                                              src/tiny_printf.o
                                                  src/main.o
siprintf                                          src/tiny_printf.o
sprintf                                           src/tiny_printf.o
strlen                                            /opt/Atollic_TrueSTUDIO_for_STM32_x86_64_9.1.0/ARMTools/bin/../lib/gcc/arm-atollic-eabi/6.3.1/../../../../arm-atollic-eabi/lib/armv6-m/libc_nano.a(lib_a-strlen.o)
                                                  src/tiny_printf.o
ts_formatlength                                   src/tiny_printf.o
ts_formatstring                                   src/tiny_printf.o
ts_itoa                                           src/tiny_printf.o
uwTick                                            Drivers/STM32L0xx_HAL_Driver/Src/stm32l0xx_hal.o
